Archive member included because of file (symbol)

C:/SDKWorkspace/conn_test/boards/frdmk64f_frdmcr20a/wireless_examples/smac/connectivity_test/freertos/kds/../../../../../../../middleware/mmcau_2.0.0/asm-cm4-cm7/lib_mmcau.a(mmcau_aes_functions.o)
                              ./mmcau/mmcau_source/fsl_mmcau.o (mmcau_aes_set_key)
C:/SDKWorkspace/conn_test/boards/frdmk64f_frdmcr20a/wireless_examples/smac/connectivity_test/freertos/kds/../../../../../../../middleware/mmcau_2.0.0/asm-cm4-cm7/lib_mmcau.a(mmcau_des_functions.o)
                              ./mmcau/mmcau_source/fsl_mmcau.o (mmcau_des_chk_parity)
C:/SDKWorkspace/conn_test/boards/frdmk64f_frdmcr20a/wireless_examples/smac/connectivity_test/freertos/kds/../../../../../../../middleware/mmcau_2.0.0/asm-cm4-cm7/lib_mmcau.a(mmcau_md5_functions.o)
                              ./mmcau/mmcau_source/fsl_mmcau.o (mmcau_md5_initialize_output)
C:/SDKWorkspace/conn_test/boards/frdmk64f_frdmcr20a/wireless_examples/smac/connectivity_test/freertos/kds/../../../../../../../middleware/mmcau_2.0.0/asm-cm4-cm7/lib_mmcau.a(mmcau_sha1_functions.o)
                              ./mmcau/mmcau_source/fsl_mmcau.o (mmcau_sha1_initialize_output)
C:/SDKWorkspace/conn_test/boards/frdmk64f_frdmcr20a/wireless_examples/smac/connectivity_test/freertos/kds/../../../../../../../middleware/mmcau_2.0.0/asm-cm4-cm7/lib_mmcau.a(mmcau_sha256_functions.o)
                              ./mmcau/mmcau_source/fsl_mmcau.o (mmcau_sha256_initialize_output)
C:/SDKWorkspace/conn_test/boards/frdmk64f_frdmcr20a/wireless_examples/smac/connectivity_test/freertos/kds/../../../../../../../middleware/wireless/framework_5.0.5/SecLib/lib_crypto_M4.a(ecdh.o)
                              ./framework/SecLib/SecLib.o (Ecdh_ComputeDhKey)
C:/SDKWorkspace/conn_test/boards/frdmk64f_frdmcr20a/wireless_examples/smac/connectivity_test/freertos/kds/../../../../../../../middleware/wireless/framework_5.0.5/SecLib/lib_crypto_M4.a(SW_AES128.o)
                              ./framework/SecLib/SecLib.o (sw_AES128_CCM)
C:/SDKWorkspace/conn_test/boards/frdmk64f_frdmcr20a/wireless_examples/smac/connectivity_test/freertos/kds/../../../../../../../middleware/wireless/framework_5.0.5/SecLib/lib_crypto_M4.a(SW_RNG.o)
                              ./framework/RNG/Source/RNG.o (SecLib_get_random)
C:/SDKWorkspace/conn_test/boards/frdmk64f_frdmcr20a/wireless_examples/smac/connectivity_test/freertos/kds/../../../../../../../middleware/wireless/framework_5.0.5/SecLib/lib_crypto_M4.a(ec_p_256.o)
                              C:/SDKWorkspace/conn_test/boards/frdmk64f_frdmcr20a/wireless_examples/smac/connectivity_test/freertos/kds/../../../../../../../middleware/wireless/framework_5.0.5/SecLib/lib_crypto_M4.a(ecdh.o) (Bi_Add)
c:/freescale/kds_v3/toolchain/bin/../lib/gcc/arm-none-eabi/4.8.4/../../../../arm-none-eabi/lib/armv7e-m/softfp\libg_s.a(lib_a-exit.o)
                              c:/freescale/kds_v3/toolchain/bin/../lib/gcc/arm-none-eabi/4.8.4/../../../../arm-none-eabi/lib/armv7e-m/softfp/crt0.o (exit)
c:/freescale/kds_v3/toolchain/bin/../lib/gcc/arm-none-eabi/4.8.4/../../../../arm-none-eabi/lib/armv7e-m/softfp\libg_s.a(lib_a-impure.o)
                              c:/freescale/kds_v3/toolchain/bin/../lib/gcc/arm-none-eabi/4.8.4/../../../../arm-none-eabi/lib/armv7e-m/softfp\libg_s.a(lib_a-exit.o) (_global_impure_ptr)
c:/freescale/kds_v3/toolchain/bin/../lib/gcc/arm-none-eabi/4.8.4/../../../../arm-none-eabi/lib/armv7e-m/softfp\libg_s.a(lib_a-init.o)
                              c:/freescale/kds_v3/toolchain/bin/../lib/gcc/arm-none-eabi/4.8.4/../../../../arm-none-eabi/lib/armv7e-m/softfp/crt0.o (__libc_init_array)
c:/freescale/kds_v3/toolchain/bin/../lib/gcc/arm-none-eabi/4.8.4/../../../../arm-none-eabi/lib/armv7e-m/softfp\libg_s.a(lib_a-memcpy-stub.o)
                              ./freertos/queue.o (memcpy)
c:/freescale/kds_v3/toolchain/bin/../lib/gcc/arm-none-eabi/4.8.4/../../../../arm-none-eabi/lib/armv7e-m/softfp\libg_s.a(lib_a-memset.o)
                              c:/freescale/kds_v3/toolchain/bin/../lib/gcc/arm-none-eabi/4.8.4/../../../../arm-none-eabi/lib/armv7e-m/softfp/crt0.o (memset)
c:/freescale/kds_v3/toolchain/bin/../lib/gcc/arm-none-eabi/4.8.4/../../../../arm-none-eabi/lib/armv7e-m/softfp\libg_s.a(lib_a-strlen.o)
                              ./utilities/fsl_debug_console.o (strlen)
c:/freescale/kds_v3/toolchain/bin/../lib/gcc/arm-none-eabi/4.8.4/armv7e-m/softfp\libgcc.a(_aeabi_uldivmod.o)
                              ./framework/TimersManager/Source/TimersManager.o (__aeabi_uldivmod)
c:/freescale/kds_v3/toolchain/bin/../lib/gcc/arm-none-eabi/4.8.4/armv7e-m/softfp\libgcc.a(bpabi.o)
                              c:/freescale/kds_v3/toolchain/bin/../lib/gcc/arm-none-eabi/4.8.4/armv7e-m/softfp\libgcc.a(_aeabi_uldivmod.o) (__gnu_uldivmod_helper)
c:/freescale/kds_v3/toolchain/bin/../lib/gcc/arm-none-eabi/4.8.4/armv7e-m/softfp\libgcc.a(_dvmd_tls.o)
[...]
Memory Configuration

Name             Origin             Length             Attributes
TEXT_region1     0x00000000         0x00000400         xr
m_flash_config_region 0x00000400         0x00000010         xr
TEXT_region2     0x00000411         0x000febee         xr
DATA_region      0x1fff0000         0x00040000         rw
PRODUCT_INFO_region 0x000ff000         0x00000fff         xr
*default*        0x00000000         0xffffffff

Linker script and memory map

LOAD c:/freescale/kds_v3/toolchain/bin/../lib/gcc/arm-none-eabi/4.8.4/armv7e-m/softfp/crti.o
LOAD c:/freescale/kds_v3/toolchain/bin/../lib/gcc/arm-none-eabi/4.8.4/armv7e-m/softfp/crtbegin.o
LOAD c:/freescale/kds_v3/toolchain/bin/../lib/gcc/arm-none-eabi/4.8.4/../../../../arm-none-eabi/lib/armv7e-m/softfp/crt0.o
START GROUP
LOAD ./utilities/fsl_debug_console.o
LOAD ./usb/osa/usb_osa_freertos.o
LOAD ./usb/device/source/khci/usb_device_khci.o
LOAD ./usb/device/source/usb_device_dci.o
LOAD ./startup/startup_MK64F12.o
LOAD ./startup/system_MK64F12.o
LOAD ./source/connectivity_test.o
LOAD ./source/connectivity_test_menus.o
LOAD ./source/connectivity_test_platform.o
LOAD ./mmcau/mmcau_source/fsl_mmcau.o
LOAD ./ieee_802.15.4/smac/Source/SMAC.o
LOAD ./ieee_802.15.4/phy/source/XcvrSPI/Spi.o
LOAD ./ieee_802.15.4/phy/source/MCR20A/MCR20Drv/MCR20Drv.o
LOAD ./ieee_802.15.4/phy/source/ASP.o
LOAD ./ieee_802.15.4/phy/source/MPM.o
LOAD ./ieee_802.15.4/phy/source/PhyDebug.o
LOAD ./ieee_802.15.4/phy/source/PhyISR.o
LOAD ./ieee_802.15.4/phy/source/PhyPacketProcessor.o
LOAD ./ieee_802.15.4/phy/source/PhyPlmeData.o
LOAD ./ieee_802.15.4/phy/source/PhyStateMachine.o
LOAD ./ieee_802.15.4/phy/source/PhyTime.o
LOAD ./freertos/portable/port.o
LOAD ./freertos/croutine.o
LOAD ./freertos/event_groups.o
LOAD ./freertos/heap_4.o
LOAD ./freertos/list.o
LOAD ./freertos/queue.o
LOAD ./freertos/tasks.o
LOAD ./freertos/timers.o
LOAD ./framework/TimersManager/Source/TMR_Adapter.o
LOAD ./framework/TimersManager/Source/TimersManager.o
LOAD ./framework/SerialManager/Source/USB_VirtualCom/Source/usb_device_cdc_acm.o
LOAD ./framework/SerialManager/Source/USB_VirtualCom/Source/usb_device_ch9.o
LOAD ./framework/SerialManager/Source/USB_VirtualCom/Source/usb_device_class.o
LOAD ./framework/SerialManager/Source/USB_VirtualCom/Source/usb_device_descriptor.o
LOAD ./framework/SerialManager/Source/USB_VirtualCom/Source/virtual_com.o
LOAD ./framework/SerialManager/Source/SPI_Adapter/SPI_Adapter.o
LOAD ./framework/SerialManager/Source/I2C_Adapter.o
LOAD ./framework/SerialManager/Source/SerialManager.o
LOAD ./framework/SerialManager/Source/UART_Adapter.o
LOAD ./framework/SecLib/SecLib.o
LOAD ./framework/Reset/Source/Reset.o
LOAD ./framework/RNG/Source/RNG.o
LOAD ./framework/Panic/Source/Panic.o
LOAD ./framework/OSAbstraction/Interface/fsl_os_abstraction_free_rtos.o
LOAD ./framework/Messaging/Source/Messaging.o
LOAD ./framework/MemManager/Source/MemManager.o
LOAD ./framework/MWSCoexistence/Source/MWS.o
LOAD ./framework/Lists/GenericList.o
LOAD ./framework/LED/Source/LED.o
LOAD ./framework/Keyboard/Source/Keyboard.o
LOAD ./framework/GPIO/Source/GPIO_Adapter.o
LOAD ./framework/FunctionLib/FunctionLib.o
LOAD ./drivers/fsl_clock.o
LOAD ./drivers/fsl_common.o
LOAD ./drivers/fsl_dspi.o
LOAD ./drivers/fsl_flash.o
LOAD ./drivers/fsl_ftm.o
LOAD ./drivers/fsl_gpio.o
LOAD ./drivers/fsl_i2c.o
LOAD ./drivers/fsl_llwu.o
LOAD ./drivers/fsl_lptmr.o
LOAD ./drivers/fsl_mpu.o
LOAD ./drivers/fsl_rnga.o
LOAD ./drivers/fsl_rtc.o
LOAD ./drivers/fsl_sim.o
LOAD ./drivers/fsl_smc.o
LOAD ./drivers/fsl_uart.o
LOAD ./board/board.o
LOAD ./board/clock_config.o
LOAD ./board/gpio_pins.o
LOAD ./board/hardware_init.o
LOAD ./board/pin_mux.o
LOAD C:/SDKWorkspace/conn_test/boards/frdmk64f_frdmcr20a/wireless_examples/smac/connectivity_test/freertos/kds/../../../../../../../middleware/mmcau_2.0.0/asm-cm4-cm7/lib_mmcau.a
LOAD C:/SDKWorkspace/conn_test/boards/frdmk64f_frdmcr20a/wireless_examples/smac/connectivity_test/freertos/kds/../../../../../../../middleware/wireless/framework_5.0.5/SecLib/lib_crypto_M4.a
LOAD c:/freescale/kds_v3/toolchain/bin/../lib/gcc/arm-none-eabi/4.8.4/../../../../arm-none-eabi/lib/armv7e-m/softfp\libg_s.a
LOAD c:/freescale/kds_v3/toolchain/bin/../lib/gcc/arm-none-eabi/4.8.4/armv7e-m/softfp\libgcc.a
LOAD c:/freescale/kds_v3/toolchain/bin/../lib/gcc/arm-none-eabi/4.8.4/../../../../arm-none-eabi/lib/armv7e-m/softfp\libnosys.a
END GROUP
LOAD c:/freescale/kds_v3/toolchain/bin/../lib/gcc/arm-none-eabi/4.8.4/../../../../arm-none-eabi/lib/armv7e-m/softfp\libstdc++_s.a
LOAD c:/freescale/kds_v3/toolchain/bin/../lib/gcc/arm-none-eabi/4.8.4/../../../../arm-none-eabi/lib/armv7e-m/softfp\libm.a
START GROUP
LOAD c:/freescale/kds_v3/toolchain/bin/../lib/gcc/arm-none-eabi/4.8.4/armv7e-m/softfp\libgcc.a
LOAD c:/freescale/kds_v3/toolchain/bin/../lib/gcc/arm-none-eabi/4.8.4/../../../../arm-none-eabi/lib/armv7e-m/softfp\libg_s.a
LOAD c:/freescale/kds_v3/toolchain/bin/../lib/gcc/arm-none-eabi/4.8.4/../../../../arm-none-eabi/lib/armv7e-m/softfp\libc_s.a
END GROUP
START GROUP
LOAD c:/freescale/kds_v3/toolchain/bin/../lib/gcc/arm-none-eabi/4.8.4/armv7e-m/softfp\libgcc.a
LOAD c:/freescale/kds_v3/toolchain/bin/../lib/gcc/arm-none-eabi/4.8.4/../../../../arm-none-eabi/lib/armv7e-m/softfp\libc_s.a
END GROUP
LOAD c:/freescale/kds_v3/toolchain/bin/../lib/gcc/arm-none-eabi/4.8.4/armv7e-m/softfp/crtend.o
LOAD c:/freescale/kds_v3/toolchain/bin/../lib/gcc/arm-none-eabi/4.8.4/armv7e-m/softfp/crtn.o
                0x1fff0000                _RAM_START_ = 0x1fff0000
                0x2002ffff                _RAM_END_ = 0x2002ffff
                0x000ff000                FREESCALE_PROD_DATA_BASE_ADDR = 0xff000
                0x00000400                __RAM_VECTOR_TABLE_SIZE = 0x400
                0x2002fbea                __BOOT_STACK_ADDRESS = 0x2002fbea
                0x1ffffffb                __dummy_start = 0x1ffffffb

.interrupts     0x00000000      0x400
                0x00000000                __VECTOR_TABLE = .
                0x00000000                . = ALIGN (0x4)
 *(.isr_vector)
 .isr_vector    0x00000000      0x400 ./startup/startup_MK64F12.o
                0x00000000                __isr_vector
                0x00000400                . = ALIGN (0x4)

.freescale_prod_data
                0x000ff000        0x0
                0x000ff000                . = ALIGN (0x4)
 *(.FREESCALE_PROD_DATA)
                0x000ff000                . = ALIGN (0x4)

.flash_config   0x00000400       0x10
                0x00000400                . = ALIGN (0x4)
 *(.FlashConfig)
 .FlashConfig   0x00000400       0x10 ./startup/startup_MK64F12.o
                0x00000410                . = ALIGN (0x4)

.text           0x00000414    0x1585c
                0x00000414                . = ALIGN (0x4)
 *(.text)
 .text          0x00000414       0x54 c:/freescale/kds_v3/toolchain/bin/../lib/gcc/arm-none-eabi/4.8.4/armv7e-m/softfp/crtbegin.o
 .text          0x00000468       0x74 c:/freescale/kds_v3/toolchain/bin/../lib/gcc/arm-none-eabi/4.8.4/../../../../arm-none-eabi/lib/armv7e-m/softfp/crt0.o
                0x00000468                _start
                0x00000468                _mainCRTStartup
 .text          0x000004dc      0x1fc ./startup/startup_MK64F12.o
                0x000004dc                Reset_Handler
                0x00000538                DebugMon_Handler
                0x00000538                PORTC_IRQHandler
                0x00000538                DMA0_DriverIRQHandler
                0x00000538                DMA12_DriverIRQHandler
                0x00000538                WDOG_EWM_IRQHandler
                0x00000538                DMA_Error_DriverIRQHandler
                0x00000538                CMP0_IRQHandler
                0x00000538                DMA7_DriverIRQHandler
                0x00000538                ENET_Transmit_DriverIRQHandler
                0x00000538                DMA2_DriverIRQHandler
                0x00000538                UART1_ERR_DriverIRQHandler
                0x00000538                BusFault_Handler
                0x00000538                SDHC_DriverIRQHandler
                0x00000538                PIT0_IRQHandler
                0x00000538                LPTMR0_IRQHandler
                0x00000538                CMP2_IRQHandler
                0x00000538                LLWU_IRQHandler
                0x00000538                I2S0_Tx_DriverIRQHandler
                0x00000538                DMA6_DriverIRQHandler
                0x00000538                FTM2_IRQHandler
                0x00000538                PORTE_IRQHandler
                0x00000538                FTM3_IRQHandler
                0x00000538                ENET_1588_Timer_DriverIRQHandler
                0x00000538                SWI_IRQHandler
                0x00000538                ADC0_IRQHandler
                0x00000538                UsageFault_Handler
                0x00000538                CAN0_DriverIRQHandler
                0x00000538                CMT_IRQHandler
                0x00000538                MCM_IRQHandler
                0x00000538                DAC1_IRQHandler
                0x00000538                DefaultISR
                0x00000538                PORTA_IRQHandler
                0x00000538                UART5_ERR_DriverIRQHandler
                0x00000538                FTM0_IRQHandler
                0x00000538                DMA11_DriverIRQHandler
                0x00000538                CMP1_IRQHandler
                0x00000538                Reserved71_IRQHandler
                0x00000538                PORTD_IRQHandler
                0x00000538                PORTB_IRQHandler
                0x00000538                DMA10_DriverIRQHandler
                0x00000538                LVD_LVW_IRQHandler
                0x00000538                UART2_ERR_DriverIRQHandler
                0x00000538                ADC1_IRQHandler
                0x00000538                DMA5_DriverIRQHandler
                0x00000538                DMA4_DriverIRQHandler
                0x00000538                PIT1_IRQHandler
                0x00000538                PIT2_IRQHandler
                0x00000538                DMA15_DriverIRQHandler
                0x00000538                ENET_Error_DriverIRQHandler
                0x00000538                RTC_IRQHandler
                0x00000538                UART3_ERR_DriverIRQHandler
                0x00000538                PDB0_IRQHandler
                0x00000538                FTFE_IRQHandler
                0x00000538                FTM1_IRQHandler
                0x00000538                DMA13_DriverIRQHandler
                0x00000538                DAC0_IRQHandler
                0x00000538                DMA3_DriverIRQHandler
                0x00000538                PIT3_IRQHandler
                0x00000538                ENET_Receive_DriverIRQHandler
                0x00000538                RTC_Seconds_IRQHandler
                0x00000538                MCG_IRQHandler
                0x00000538                USB0_IRQHandler
                0x00000538                DMA9_DriverIRQHandler
                0x00000538                DMA8_DriverIRQHandler
                0x00000538                UART0_ERR_DriverIRQHandler
                0x00000538                I2S0_Rx_DriverIRQHandler
                0x00000538                RNG_IRQHandler
                0x00000538                DMA1_DriverIRQHandler
                0x00000538                Read_Collision_IRQHandler
                0x00000538                DMA14_DriverIRQHandler
                0x00000538                UART0_LON_DriverIRQHandler
                0x00000538                MemManage_Handler
                0x00000538                USBDCD_IRQHandler
                0x00000538                UART4_ERR_DriverIRQHandler
                0x00000540                HardFault_Handler
                0x00000550                DMA0_IRQHandler
                0x00000554                DMA1_IRQHandler
                0x00000558                DMA2_IRQHandler
                0x0000055c                DMA3_IRQHandler
                0x00000560                DMA4_IRQHandler
                0x00000564                DMA5_IRQHandler
                0x00000568                DMA6_IRQHandler
                0x0000056c                DMA7_IRQHandler
                0x00000570                DMA8_IRQHandler
                0x00000574                DMA9_IRQHandler
                0x00000578                DMA10_IRQHandler
                0x0000057c                DMA11_IRQHandler
                0x00000580                DMA12_IRQHandler
                0x00000584                DMA13_IRQHandler
                0x00000588                DMA14_IRQHandler
                0x0000058c                DMA15_IRQHandler
                0x00000590                DMA_Error_IRQHandler
                0x00000594                I2C0_IRQHandler
                0x00000598                I2C1_IRQHandler
                0x0000059c                SPI0_IRQHandler
                0x000005a0                SPI1_IRQHandler
                0x000005a4                I2S0_Tx_IRQHandler
                0x000005a8                I2S0_Rx_IRQHandler
                0x000005ac                UART0_LON_IRQHandler
                0x000005b0                UART0_RX_TX_IRQHandler
                0x000005b4                UART0_ERR_IRQHandler
                0x000005b8                UART1_RX_TX_IRQHandler
                0x000005bc                UART1_ERR_IRQHandler
                0x000005c0                UART2_RX_TX_IRQHandler
                0x000005c4                UART2_ERR_IRQHandler
                0x000005c8                UART3_RX_TX_IRQHandler
                0x000005cc                UART3_ERR_IRQHandler
                0x000005d0                SPI2_IRQHandler
                0x000005d4                UART4_RX_TX_IRQHandler
                0x000005d8                UART4_ERR_IRQHandler
                0x000005dc                UART5_RX_TX_IRQHandler
                0x000005e0                UART5_ERR_IRQHandler
                0x000005e4                I2C2_IRQHandler
                0x000005e8                CAN0_ORed_Message_buffer_IRQHandler
                0x000005ec                CAN0_Bus_Off_IRQHandler
                0x000005f0                CAN0_Error_IRQHandler
                0x000005f4                CAN0_Tx_Warning_IRQHandler
                0x000005f8                CAN0_Rx_Warning_IRQHandler
                0x000005fc                CAN0_Wake_Up_IRQHandler
                0x00000600                SDHC_IRQHandler
                0x00000604                ENET_1588_Timer_IRQHandler
                0x00000608                ENET_Transmit_IRQHandler
                0x0000060c                ENET_Receive_IRQHandler
                0x00000610                ENET_Error_IRQHandler
 .text          0x000006d8       0x34 C:/SDKWorkspace/conn_test/boards/frdmk64f_frdmcr20a/wireless_examples/smac/connectivity_test/freertos/kds/../../../../../../../middleware/wireless/framework_5.0.5/SecLib/lib_crypto_M4.a(SW_RNG.o)
                0x000006d8                SecLib_set_rng_seed
                0x000006e6                SecLib_get_random
 .text          0x0000070c       0x2c c:/freescale/kds_v3/toolchain/bin/../lib/gcc/arm-none-eabi/4.8.4/armv7e-m/softfp\libgcc.a(_aeabi_uldivmod.o)
                0x0000070c                __aeabi_uldivmod
 .text          0x00000738       0x60 c:/freescale/kds_v3/toolchain/bin/../lib/gcc/arm-none-eabi/4.8.4/armv7e-m/softfp\libgcc.a(bpabi.o)
                0x00000738                __gnu_ldivmod_helper
                0x00000768                __gnu_uldivmod_helper
 .text          0x00000798        0x4 c:/freescale/kds_v3/toolchain/bin/../lib/gcc/arm-none-eabi/4.8.4/armv7e-m/softfp\libgcc.a(_dvmd_tls.o)
                0x00000798                __aeabi_idiv0
                0x00000798                __aeabi_ldiv0
 .text          0x0000079c      0x298 c:/freescale/kds_v3/toolchain/bin/../lib/gcc/arm-none-eabi/4.8.4/armv7e-m/softfp\libgcc.a(_divdi3.o)
                0x0000079c                __divdi3
 .text          0x00000a34      0x284 c:/freescale/kds_v3/toolchain/bin/../lib/gcc/arm-none-eabi/4.8.4/armv7e-m/softfp\libgcc.a(_udivdi3.o)
                0x00000a34                __udivdi3
 *(.text*)
 .text.DbgConsole_Printf
                0x00000cb8       0x40 ./utilities/fsl_debug_console.o
                0x00000cb8                DbgConsole_Printf
 .text.DbgConsole_Putchar
                0x00000cf8       0x38 ./utilities/fsl_debug_console.o
                0x00000cf8                DbgConsole_Putchar
 .text.DbgConsole_PrintfPaddingCharacter
                0x00000d30       0x40 ./utilities/fsl_debug_console.o
 .text.DbgConsole_ConvertRadixNumToString
                0x00000d70      0x118 ./utilities/fsl_debug_console.o
 .text.DbgConsole_PrintfFormattedData
                0x00000e88      0x36c ./utilities/fsl_debug_console.o
 .text.SystemInit
                0x000011f4       0x3c ./startup/system_MK64F12.o
                0x000011f4                SystemInit
 .text.InitProject
                0x00001230       0xd0 ./source/connectivity_test.o
                0x00001230                InitProject
 .text.smacToAppMlmeSap
                0x00001300       0x84 ./source/connectivity_test.o
                0x00001300                smacToAppMlmeSap
 .text.smacToAppMcpsSap
                0x00001384       0x6c ./source/connectivity_test.o
                0x00001384                smacToAppMcpsSap
 .text.HandleEvents
                0x000013f0      0x184 ./source/connectivity_test.o
 .text.main_task
                0x00001574      0x130 ./source/connectivity_test.o
                0x00001574                main_task
 .text.InitApp  0x000016a4       0xc8 ./source/connectivity_test.o
                0x000016a4                InitApp
 .text.SerialUIStateMachine
                0x0000176c      0x2d0 ./source/connectivity_test.o
 .text.SerialContinuousTxRxTest
                0x00001a3c      0x868 ./source/connectivity_test.o
 .text.PacketErrorRateTx
                0x000022a4      0x4e8 ./source/connectivity_test.o
 .text.PacketErrorRateRx
                0x0000278c      0x584 ./source/connectivity_test.o
 .text.RangeTx  0x00002d10      0x3f8 ./source/connectivity_test.o
 .text.RangeRx  0x00003108      0x350 ./source/connectivity_test.o
 .text.EditRegisters
                0x00003458      0x20c ./source/connectivity_test.o
 .text.DumpRegisters
                0x00003664      0x150 ./source/connectivity_test.o
                0x00003664                DumpRegisters
 .text.ReadRFRegs
                0x000037b4       0xfc ./source/connectivity_test.o
                0x000037b4                ReadRFRegs
 .text.ReadRegisters
                0x000038b0      0x26c ./source/connectivity_test.o
                0x000038b0                ReadRegisters
 .text.OverrideRegisters
                0x00003b1c      0x3d4 ./source/connectivity_test.o
                0x00003b1c                OverrideRegisters
 .text.CSenseAndTCtrl
                0x00003ef0      0x158 ./source/connectivity_test.o
 .text.TransmissionControlHandler
                0x00004048      0x53c ./source/connectivity_test.o
 .text.CarrierSenseHandler
                0x00004584      0x2b4 ./source/connectivity_test.o
 .text.SetRadioRxOnNoTimeOut
                0x00004838       0x30 ./source/connectivity_test.o
 .text.PrintPerRxFinalLine
                0x00004868       0x7c ./source/connectivity_test.o
 .text.TestMode
                0x000048e4       0xbc ./source/connectivity_test.o
 .text.PacketHandler_Prbs9
                0x000049a0       0x48 ./source/connectivity_test.o
 .text.UartRxCallBack
                0x000049e8       0x20 ./source/connectivity_test.o
                0x000049e8                UartRxCallBack
 .text.RangeTest_Timer_CallBack
                0x00004a08       0x18 ./source/connectivity_test.o
 .text.IncrementChannelOnEdEvent
                0x00004a20       0x6c ./source/connectivity_test.o
 .text.stringComp
                0x00004a8c       0x48 ./source/connectivity_test.o
 .text.DelayTimeElapsed
                0x00004ad4       0x2c ./source/connectivity_test.o
 .text.HexString2Dec
                0x00004b00       0xbc ./source/connectivity_test.o
 .text.PrintMenu
                0x00004bbc       0x44 ./source/connectivity_test_menus.o
                0x00004bbc                PrintMenu
 .text.InitApp_custom
                0x00004c00        0xc ./source/connectivity_test_platform.o
                0x00004c00                InitApp_custom
 .text.InitProject_custom
                0x00004c0c        0xc ./source/connectivity_test_platform.o
                0x00004c0c                InitProject_custom
 .text.PrintTestParameters
                0x00004c18      0x180 ./source/connectivity_test_platform.o
                0x00004c18                PrintTestParameters
 .text.ShortCutsParser
                0x00004d98      0x1c4 ./source/connectivity_test_platform.o
                0x00004d98                ShortCutsParser
 .text.MCPSDataRequest
                0x00004f5c      0x2f8 ./ieee_802.15.4/smac/Source/SMAC.o
                0x00004f5c                MCPSDataRequest
 .text.MLMESetActivePan
                0x00005254       0x50 ./ieee_802.15.4/smac/Source/SMAC.o
                0x00005254                MLMESetActivePan
 .text.MLMERXEnableRequest
                0x000052a4      0x148 ./ieee_802.15.4/smac/Source/SMAC.o
                0x000052a4                MLMERXEnableRequest
 .text.MLMESetChannelRequest
                0x000053ec       0x90 ./ieee_802.15.4/smac/Source/SMAC.o
                0x000053ec                MLMESetChannelRequest
 .text.MLMEGetChannelRequest
                0x0000547c       0x44 ./ieee_802.15.4/smac/Source/SMAC.o
                0x0000547c                MLMEGetChannelRequest
 .text.MLMERXDisableRequest
                0x000054c0      0x12c ./ieee_802.15.4/smac/Source/SMAC.o
                0x000054c0                MLMERXDisableRequest
 .text.MLMETXDisableRequest
                0x000055ec       0x98 ./ieee_802.15.4/smac/Source/SMAC.o
                0x000055ec                MLMETXDisableRequest
 .text.MLMEPAOutputAdjust
                0x00005684       0x90 ./ieee_802.15.4/smac/Source/SMAC.o
                0x00005684                MLMEPAOutputAdjust
 .text.MLMEScanRequest
                0x00005714      0x138 ./ieee_802.15.4/smac/Source/SMAC.o
                0x00005714                MLMEScanRequest
 .text.MLMECcaRequest
                0x0000584c      0x10c ./ieee_802.15.4/smac/Source/SMAC.o
                0x0000584c                MLMECcaRequest
 .text.MLMEPhySoftReset
                0x00005958       0xfc ./ieee_802.15.4/smac/Source/SMAC.o
                0x00005958                MLMEPhySoftReset
 .text.PD_SMAC_SapHandler
                0x00005a54      0x2d0 ./ieee_802.15.4/smac/Source/SMAC.o
                0x00005a54                PD_SMAC_SapHandler
 .text.PLME_SMAC_SapHandler
                0x00005d24      0x484 ./ieee_802.15.4/smac/Source/SMAC.o
                0x00005d24                PLME_SMAC_SapHandler
 .text.Smac_RegisterSapHandlers
                0x000061a8       0x44 ./ieee_802.15.4/smac/Source/SMAC.o
                0x000061a8                Smac_RegisterSapHandlers
 .text.SMACFillHeader
                0x000061ec       0x78 ./ieee_802.15.4/smac/Source/SMAC.o
                0x000061ec                SMACFillHeader
 .text.InitSmac
                0x00006264      0x190 ./ieee_802.15.4/smac/Source/SMAC.o
                0x00006264                InitSmac
 .text.SMACSetShortSrcAddress
                0x000063f4       0x88 ./ieee_802.15.4/smac/Source/SMAC.o
                0x000063f4                SMACSetShortSrcAddress
 .text.SMACSetPanID
                0x0000647c       0x88 ./ieee_802.15.4/smac/Source/SMAC.o
                0x0000647c                SMACSetPanID
 .text.BackoffTimeElapsed
                0x00006504       0x84 ./ieee_802.15.4/smac/Source/SMAC.o
 .text.SMACPacketCheck
                0x00006588       0x60 ./ieee_802.15.4/smac/Source/SMAC.o
 .text.DSPI_SetFifoEnable
                0x000065e8       0x48 ./ieee_802.15.4/phy/source/XcvrSPI/Spi.o
 .text.DSPI_FlushFifo
                0x00006630       0x3c ./ieee_802.15.4/phy/source/XcvrSPI/Spi.o
 .text.DSPI_MasterGetFormattedCommand
                0x0000666c       0x4c ./ieee_802.15.4/phy/source/XcvrSPI/Spi.o
 .text.DSPI_ReadData
                0x000066b8       0x18 ./ieee_802.15.4/phy/source/XcvrSPI/Spi.o
 .text.spi_master_init
                0x000066d0       0xa0 ./ieee_802.15.4/phy/source/XcvrSPI/Spi.o
                0x000066d0                spi_master_init
 .text.spi_master_configure_speed
                0x00006770       0x40 ./ieee_802.15.4/phy/source/XcvrSPI/Spi.o
                0x00006770                spi_master_configure_speed
 .text.spi_master_transfer
                0x000067b0       0x9c ./ieee_802.15.4/phy/source/XcvrSPI/Spi.o
                0x000067b0                spi_master_transfer
 .text.MCR20Drv_Init
                0x0000684c       0x48 ./ieee_802.15.4/phy/source/MCR20A/MCR20Drv/MCR20Drv.o
                0x0000684c                MCR20Drv_Init
 .text.MCR20Drv_DirectAccessSPIWrite
                0x00006894       0x68 ./ieee_802.15.4/phy/source/MCR20A/MCR20Drv/MCR20Drv.o
                0x00006894                MCR20Drv_DirectAccessSPIWrite
 .text.MCR20Drv_DirectAccessSPIMultiByteWrite
                0x000068fc       0x6c ./ieee_802.15.4/phy/source/MCR20A/MCR20Drv/MCR20Drv.o
                0x000068fc                MCR20Drv_DirectAccessSPIMultiByteWrite
 .text.MCR20Drv_PB_SPIBurstWrite
                0x00006968       0x64 ./ieee_802.15.4/phy/source/MCR20A/MCR20Drv/MCR20Drv.o
                0x00006968                MCR20Drv_PB_SPIBurstWrite
 .text.MCR20Drv_DirectAccessSPIRead
                0x000069cc       0x6c ./ieee_802.15.4/phy/source/MCR20A/MCR20Drv/MCR20Drv.o
                0x000069cc                MCR20Drv_DirectAccessSPIRead
 .text.MCR20Drv_DirectAccessSPIMultiByteRead
                0x00006a38       0x80 ./ieee_802.15.4/phy/source/MCR20A/MCR20Drv/MCR20Drv.o
                0x00006a38                MCR20Drv_DirectAccessSPIMultiByteRead
 .text.MCR20Drv_PB_SPIBurstRead
                0x00006ab8       0x70 ./ieee_802.15.4/phy/source/MCR20A/MCR20Drv/MCR20Drv.o
                0x00006ab8                MCR20Drv_PB_SPIBurstRead
 .text.MCR20Drv_IndirectAccessSPIWrite
                0x00006b28       0x64 ./ieee_802.15.4/phy/source/MCR20A/MCR20Drv/MCR20Drv.o
                0x00006b28                MCR20Drv_IndirectAccessSPIWrite
 .text.MCR20Drv_IndirectAccessSPIMultiByteWrite
                0x00006b8c       0x78 ./ieee_802.15.4/phy/source/MCR20A/MCR20Drv/MCR20Drv.o
                0x00006b8c                MCR20Drv_IndirectAccessSPIMultiByteWrite
 .text.MCR20Drv_IndirectAccessSPIRead
                0x00006c04       0x70 ./ieee_802.15.4/phy/source/MCR20A/MCR20Drv/MCR20Drv.o
                0x00006c04                MCR20Drv_IndirectAccessSPIRead
 .text.MCR20Drv_IndirectAccessSPIMultiByteRead
                0x00006c74       0x78 ./ieee_802.15.4/phy/source/MCR20A/MCR20Drv/MCR20Drv.o
                0x00006c74                MCR20Drv_IndirectAccessSPIMultiByteRead
 .text.MCR20Drv_IRQ_PortConfig
                0x00006cec       0x38 ./ieee_802.15.4/phy/source/MCR20A/MCR20Drv/MCR20Drv.o
                0x00006cec                MCR20Drv_IRQ_PortConfig
 .text.MCR20Drv_IsIrqPending
                0x00006d24       0x20 ./ieee_802.15.4/phy/source/MCR20A/MCR20Drv/MCR20Drv.o
                0x00006d24                MCR20Drv_IsIrqPending
 .text.MCR20Drv_IRQ_Disable
                0x00006d44       0x3c ./ieee_802.15.4/phy/source/MCR20A/MCR20Drv/MCR20Drv.o
                0x00006d44                MCR20Drv_IRQ_Disable
 .text.MCR20Drv_IRQ_Enable
                0x00006d80       0x44 ./ieee_802.15.4/phy/source/MCR20A/MCR20Drv/MCR20Drv.o
                0x00006d80                MCR20Drv_IRQ_Enable
 .text.MCR20Drv_IRQ_Clear
                0x00006dc4       0x10 ./ieee_802.15.4/phy/source/MCR20A/MCR20Drv/MCR20Drv.o
                0x00006dc4                MCR20Drv_IRQ_Clear
 .text.MCR20Drv_RST_B_Assert
                0x00006dd4       0x10 ./ieee_802.15.4/phy/source/MCR20A/MCR20Drv/MCR20Drv.o
                0x00006dd4                MCR20Drv_RST_B_Assert
 .text.MCR20Drv_RST_B_Deassert
                0x00006de4       0x10 ./ieee_802.15.4/phy/source/MCR20A/MCR20Drv/MCR20Drv.o
                0x00006de4                MCR20Drv_RST_B_Deassert
 .text.MCR20Drv_RESET
                0x00006df4       0x24 ./ieee_802.15.4/phy/source/MCR20A/MCR20Drv/MCR20Drv.o
                0x00006df4                MCR20Drv_RESET
 .text.MCR20Drv_Set_CLK_OUT_Freq
                0x00006e18       0x34 ./ieee_802.15.4/phy/source/MCR20A/MCR20Drv/MCR20Drv.o
                0x00006e18                MCR20Drv_Set_CLK_OUT_Freq
 .text.ASP_Init
                0x00006e4c       0x14 ./ieee_802.15.4/phy/source/ASP.o
                0x00006e4c                ASP_Init
 .text.APP_ASP_SapHandler
                0x00006e60      0x204 ./ieee_802.15.4/phy/source/ASP.o
                0x00006e60                APP_ASP_SapHandler
 .text.Asp_GetTimeReq
                0x00007064       0x14 ./ieee_802.15.4/phy/source/ASP.o
                0x00007064                Asp_GetTimeReq
 .text.Asp_XcvrWriteReq
                0x00007078       0x48 ./ieee_802.15.4/phy/source/ASP.o
                0x00007078                Asp_XcvrWriteReq
 .text.Asp_XcvrReadReq
                0x000070c0       0x48 ./ieee_802.15.4/phy/source/ASP.o
                0x000070c0                Asp_XcvrReadReq
 .text.Asp_SetPowerLevel
                0x00007108       0x2c ./ieee_802.15.4/phy/source/ASP.o
                0x00007108                Asp_SetPowerLevel
 .text.Asp_GetPowerLevel
                0x00007134       0x10 ./ieee_802.15.4/phy/source/ASP.o
                0x00007134                Asp_GetPowerLevel
 .text.Asp_SetFADState
                0x00007144       0x2c ./ieee_802.15.4/phy/source/ASP.o
                0x00007144                Asp_SetFADState
 .text.Asp_SetFADThreshold
                0x00007170       0x2c ./ieee_802.15.4/phy/source/ASP.o
                0x00007170                Asp_SetFADThreshold
 .text.Asp_SetANTXState
                0x0000719c       0x2c ./ieee_802.15.4/phy/source/ASP.o
                0x0000719c                Asp_SetANTXState
 .text.Asp_GetANTXState
                0x000071c8       0x10 ./ieee_802.15.4/phy/source/ASP.o
                0x000071c8                Asp_GetANTXState
 .text.Asp_SetLQIMode
                0x000071d8       0x2c ./ieee_802.15.4/phy/source/ASP.o
                0x000071d8                Asp_SetLQIMode
 .text.Asp_GetRSSILevel
                0x00007204       0x10 ./ieee_802.15.4/phy/source/ASP.o
                0x00007204                Asp_GetRSSILevel
 .text.ASP_TelecSetFreq
                0x00007214       0x30 ./ieee_802.15.4/phy/source/ASP.o
                0x00007214                ASP_TelecSetFreq
 .text.ASP_TelecSendRawData
                0x00007244       0x74 ./ieee_802.15.4/phy/source/ASP.o
                0x00007244                ASP_TelecSendRawData
 .text.ASP_TelecTest
                0x000072b8      0x288 ./ieee_802.15.4/phy/source/ASP.o
                0x000072b8                ASP_TelecTest
 .text.ASP_TxInterval
                0x00007540       0x6c ./ieee_802.15.4/phy/source/ASP.o
 .text.AspSetDtsMode
                0x000075ac       0x38 ./ieee_802.15.4/phy/source/ASP.o
                0x000075ac                AspSetDtsMode
 .text.AspEnableBER
                0x000075e4       0x48 ./ieee_802.15.4/phy/source/ASP.o
                0x000075e4                AspEnableBER
 .text.AspDisableBER
                0x0000762c       0x44 ./ieee_802.15.4/phy/source/ASP.o
                0x0000762c                AspDisableBER
 .text.PhyIsrPassRxParams
                0x00007670       0x1c ./ieee_802.15.4/phy/source/PhyISR.o
                0x00007670                PhyIsrPassRxParams
 .text.PhyIsrSeqCleanup
                0x0000768c       0x58 ./ieee_802.15.4/phy/source/PhyISR.o
                0x0000768c                PhyIsrSeqCleanup
 .text.Phy_GetEnergyLevel
                0x000076e4       0x40 ./ieee_802.15.4/phy/source/PhyISR.o
                0x000076e4                Phy_GetEnergyLevel
 .text.Phy_LqiConvert
                0x00007724       0x44 ./ieee_802.15.4/phy/source/PhyISR.o
 .text.PhyGetLastRxRssiValue
                0x00007768       0x74 ./ieee_802.15.4/phy/source/PhyISR.o
                0x00007768                PhyGetLastRxRssiValue
 .text.PHY_InterruptHandler
                0x000077dc      0x658 ./ieee_802.15.4/phy/source/PhyISR.o
                0x000077dc                PHY_InterruptHandler
 .text.PHY_InstallIsr
                0x00007e34       0x1c ./ieee_802.15.4/phy/source/PhyISR.o
                0x00007e34                PHY_InstallIsr
 .text.Phy_RestartRxFromISR
                0x00007e50      0x108 ./ieee_802.15.4/phy/source/PhyISR.o
 .text.PhyHwInit
                0x00007f58      0x148 ./ieee_802.15.4/phy/source/PhyPacketProcessor.o
                0x00007f58                PhyHwInit
 .text.PhyAbort
                0x000080a0      0x110 ./ieee_802.15.4/phy/source/PhyPacketProcessor.o
                0x000080a0                PhyAbort
 .text.PhyPpGetState
                0x000081b0       0x1c ./ieee_802.15.4/phy/source/PhyPacketProcessor.o
                0x000081b0                PhyPpGetState
 .text.PhyPpSetPanId
                0x000081cc       0x34 ./ieee_802.15.4/phy/source/PhyPacketProcessor.o
                0x000081cc                PhyPpSetPanId
 .text.PhyPpSetShortAddr
                0x00008200       0x34 ./ieee_802.15.4/phy/source/PhyPacketProcessor.o
                0x00008200                PhyPpSetShortAddr
 .text.PhyPpSetLongAddr
                0x00008234       0x34 ./ieee_802.15.4/phy/source/PhyPacketProcessor.o
                0x00008234                PhyPpSetLongAddr
 .text.PhyPpSetMacRole
                0x00008268       0x80 ./ieee_802.15.4/phy/source/PhyPacketProcessor.o
                0x00008268                PhyPpSetMacRole
 .text.PhyPpSetPromiscuous
                0x000082e8       0x80 ./ieee_802.15.4/phy/source/PhyPacketProcessor.o
                0x000082e8                PhyPpSetPromiscuous
 .text.PhyPp_IndirectQueueInsert
                0x00008368       0x54 ./ieee_802.15.4/phy/source/PhyPacketProcessor.o
                0x00008368                PhyPp_IndirectQueueInsert
 .text.PhyPp_RemoveFromIndirect
                0x000083bc       0x3c ./ieee_802.15.4/phy/source/PhyPacketProcessor.o
                0x000083bc                PhyPp_RemoveFromIndirect
 .text.PhyPpSetCcaThreshold
                0x000083f8       0x20 ./ieee_802.15.4/phy/source/PhyPacketProcessor.o
                0x000083f8                PhyPpSetCcaThreshold
 .text.PhyPlmeSetFADThresholdRequest
                0x00008418       0x20 ./ieee_802.15.4/phy/source/PhyPacketProcessor.o
                0x00008418                PhyPlmeSetFADThresholdRequest
 .text.PhyPlmeSetFADStateRequest
                0x00008438       0x6c ./ieee_802.15.4/phy/source/PhyPacketProcessor.o
                0x00008438                PhyPlmeSetFADStateRequest
 .text.PhyPlmeSetLQIModeRequest
                0x000084a4       0x40 ./ieee_802.15.4/phy/source/PhyPacketProcessor.o
                0x000084a4                PhyPlmeSetLQIModeRequest
 .text.PhyPlmeGetRSSILevelRequest
                0x000084e4       0x10 ./ieee_802.15.4/phy/source/PhyPacketProcessor.o
                0x000084e4                PhyPlmeGetRSSILevelRequest
 .text.PhyPlmeSetANTXStateRequest
                0x000084f4       0x40 ./ieee_802.15.4/phy/source/PhyPacketProcessor.o
                0x000084f4                PhyPlmeSetANTXStateRequest
 .text.PhyPlmeGetANTXStateRequest
                0x00008534       0x28 ./ieee_802.15.4/phy/source/PhyPacketProcessor.o
                0x00008534                PhyPlmeGetANTXStateRequest
 .text.PhyPpSetDualPanSamLvl
                0x0000855c       0x44 ./ieee_802.15.4/phy/source/PhyPacketProcessor.o
                0x0000855c                PhyPpSetDualPanSamLvl
 .text.PhyPlmeSetPwrState
                0x000085a0      0x130 ./ieee_802.15.4/phy/source/PhyPacketProcessor.o
                0x000085a0                PhyPlmeSetPwrState
 .text.PhyPdDataRequest
                0x000086d0      0x1e4 ./ieee_802.15.4/phy/source/PhyPlmeData.o
                0x000086d0                PhyPdDataRequest
 .text.PhyPlmeRxRequest
                0x000088b4      0x16c ./ieee_802.15.4/phy/source/PhyPlmeData.o
                0x000088b4                PhyPlmeRxRequest
 .text.PhyPlmeTimmedRxRequest
                0x00008a20      0x254 ./ieee_802.15.4/phy/source/PhyPlmeData.o
                0x00008a20                PhyPlmeTimmedRxRequest
 .text.PhyPlmeCcaEdRequest
                0x00008c74      0x12c ./ieee_802.15.4/phy/source/PhyPlmeData.o
                0x00008c74                PhyPlmeCcaEdRequest
 .text.PhyPlmeSetCurrentChannelRequest
                0x00008da0       0xbc ./ieee_802.15.4/phy/source/PhyPlmeData.o
                0x00008da0                PhyPlmeSetCurrentChannelRequest
 .text.PhyPlmeGetCurrentChannelRequest
                0x00008e5c       0x30 ./ieee_802.15.4/phy/source/PhyPlmeData.o
                0x00008e5c                PhyPlmeGetCurrentChannelRequest
 .text.PhyPlmeSetPwrLevelRequest
                0x00008e8c       0x5c ./ieee_802.15.4/phy/source/PhyPlmeData.o
                0x00008e8c                PhyPlmeSetPwrLevelRequest
 .text.PhyPlmeSetPIBRequest
                0x00008ee8      0x1ec ./ieee_802.15.4/phy/source/PhyPlmeData.o
                0x00008ee8                PhyPlmeSetPIBRequest
 .text.PhyPlmeGetPIBRequest
                0x000090d4      0x1d8 ./ieee_802.15.4/phy/source/PhyPlmeData.o
                0x000090d4                PhyPlmeGetPIBRequest
 .text.PhyRxRetry
                0x000092ac       0x78 ./ieee_802.15.4/phy/source/PhyPlmeData.o
 .text.Phy_Init
                0x00009324       0xa8 ./ieee_802.15.4/phy/source/PhyStateMachine.o
                0x00009324                Phy_Init
 .text.Phy_RegisterSapHandlers
                0x000093cc       0x40 ./ieee_802.15.4/phy/source/PhyStateMachine.o
                0x000093cc                Phy_RegisterSapHandlers
 .text.Phy24Task
                0x0000940c      0x1c8 ./ieee_802.15.4/phy/source/PhyStateMachine.o
 .text.MAC_PD_SapHandler
                0x000095d4       0xa8 ./ieee_802.15.4/phy/source/PhyStateMachine.o
                0x000095d4                MAC_PD_SapHandler
 .text.MAC_PLME_SapHandler
                0x0000967c      0x164 ./ieee_802.15.4/phy/source/PhyStateMachine.o
                0x0000967c                MAC_PLME_SapHandler
 .text.Phy_HandlePdDataReq
                0x000097e0      0x100 ./ieee_802.15.4/phy/source/PhyStateMachine.o
 .text.Phy_EnterIdle
                0x000098e0       0x90 ./ieee_802.15.4/phy/source/PhyStateMachine.o
 .text.PhyPlmeSetFrameWaitTime
                0x00009970       0x2c ./ieee_802.15.4/phy/source/PhyStateMachine.o
                0x00009970                PhyPlmeSetFrameWaitTime
 .text.PhyPlmeSetRxOnWhenIdle
                0x0000999c      0x138 ./ieee_802.15.4/phy/source/PhyStateMachine.o
                0x0000999c                PhyPlmeSetRxOnWhenIdle
 .text.PhyIsIdleRx
                0x00009ad4       0x40 ./ieee_802.15.4/phy/source/PhyStateMachine.o
                0x00009ad4                PhyIsIdleRx
 .text.Radio_Phy_PdDataConfirm
                0x00009b14      0x144 ./ieee_802.15.4/phy/source/PhyStateMachine.o
                0x00009b14                Radio_Phy_PdDataConfirm
 .text.Radio_Phy_PdDataIndication
                0x00009c58       0x28 ./ieee_802.15.4/phy/source/PhyStateMachine.o
                0x00009c58                Radio_Phy_PdDataIndication
 .text.Radio_Phy_TimeWaitTimeoutIndication
                0x00009c80       0x14 ./ieee_802.15.4/phy/source/PhyStateMachine.o
                0x00009c80                Radio_Phy_TimeWaitTimeoutIndication
 .text.Radio_Phy_PlmeCcaConfirm
                0x00009c94       0x40 ./ieee_802.15.4/phy/source/PhyStateMachine.o
                0x00009c94                Radio_Phy_PlmeCcaConfirm
 .text.Radio_Phy_PlmeEdConfirm
                0x00009cd4       0x40 ./ieee_802.15.4/phy/source/PhyStateMachine.o
                0x00009cd4                Radio_Phy_PlmeEdConfirm
 .text.Radio_Phy_TimeRxTimeoutIndication
                0x00009d14       0x44 ./ieee_802.15.4/phy/source/PhyStateMachine.o
                0x00009d14                Radio_Phy_TimeRxTimeoutIndication
 .text.Radio_Phy_TimeStartEventIndication
                0x00009d58       0x14 ./ieee_802.15.4/phy/source/PhyStateMachine.o
                0x00009d58                Radio_Phy_TimeStartEventIndication
 .text.Radio_Phy_PlmeRxSfdDetect
                0x00009d6c       0xd8 ./ieee_802.15.4/phy/source/PhyStateMachine.o
                0x00009d6c                Radio_Phy_PlmeRxSfdDetect
 .text.Radio_Phy_PlmeSyncLossIndication
                0x00009e44       0x18 ./ieee_802.15.4/phy/source/PhyStateMachine.o
                0x00009e44                Radio_Phy_PlmeSyncLossIndication
 .text.Radio_Phy_PlmeFilterFailRx
                0x00009e5c       0x84 ./ieee_802.15.4/phy/source/PhyStateMachine.o
                0x00009e5c                Radio_Phy_PlmeFilterFailRx
 .text.PLME_SendMessage
                0x00009ee0       0xc4 ./ieee_802.15.4/phy/source/PhyStateMachine.o
 .text.PD_SendMessage
                0x00009fa4      0x210 ./ieee_802.15.4/phy/source/PhyStateMachine.o
 .text.Phy_SendLatePLME
                0x0000a1b4       0x20 ./ieee_802.15.4/phy/source/PhyStateMachine.o
 .text.Phy_SendLatePD
                0x0000a1d4       0x20 ./ieee_802.15.4/phy/source/PhyStateMachine.o
 .text.Radio_Phy_Notify
                0x0000a1f4       0x28 ./ieee_802.15.4/phy/source/PhyStateMachine.o
                0x0000a1f4                Radio_Phy_Notify
 .text.PhyTimeSetEventTrigger
                0x0000a21c       0x78 ./ieee_802.15.4/phy/source/PhyTime.o
                0x0000a21c                PhyTimeSetEventTrigger
 .text.PhyTimeSetEventTimeout
                0x0000a294       0x80 ./ieee_802.15.4/phy/source/PhyTime.o
                0x0000a294                PhyTimeSetEventTimeout
 .text.PhyTimeReadClock
                0x0000a314       0x30 ./ieee_802.15.4/phy/source/PhyTime.o
                0x0000a314                PhyTimeReadClock
 .text.PhyTimeSetWaitTimeout
                0x0000a344       0x60 ./ieee_802.15.4/phy/source/PhyTime.o
                0x0000a344                PhyTimeSetWaitTimeout
 .text.PhyTime_ISR
                0x0000a3a4       0x50 ./ieee_802.15.4/phy/source/PhyTime.o
                0x0000a3a4                PhyTime_ISR
 .text.PhyTime_TimerInit
                0x0000a3f4       0x88 ./ieee_802.15.4/phy/source/PhyTime.o
                0x0000a3f4                PhyTime_TimerInit
 .text.PhyTime_GetTimestamp
                0x0000a47c       0x4c ./ieee_802.15.4/phy/source/PhyTime.o
                0x0000a47c                PhyTime_GetTimestamp
 .text.PhyTime_ScheduleEvent
                0x0000a4c8       0xc0 ./ieee_802.15.4/phy/source/PhyTime.o
                0x0000a4c8                PhyTime_ScheduleEvent
 .text.PhyTime_CancelEvent
                0x0000a588       0x8c ./ieee_802.15.4/phy/source/PhyTime.o
                0x0000a588                PhyTime_CancelEvent
 .text.PhyTime_RunCallback
                0x0000a614       0x60 ./ieee_802.15.4/phy/source/PhyTime.o
                0x0000a614                PhyTime_RunCallback
 .text.PhyTime_Maintenance
                0x0000a674       0xb8 ./ieee_802.15.4/phy/source/PhyTime.o
                0x0000a674                PhyTime_Maintenance
 .text.PhyTime_OverflowCB
                0x0000a72c       0x4c ./ieee_802.15.4/phy/source/PhyTime.o
 .text.PhyTime_GetNextEvent
                0x0000a778       0x74 ./ieee_802.15.4/phy/source/PhyTime.o
 .text.pxPortInitialiseStack
                0x0000a7ec       0x64 ./freertos/portable/port.o
                0x0000a7ec                pxPortInitialiseStack
 .text.prvTaskExitError
                0x0000a850       0x3c ./freertos/portable/port.o
 .text.SVC_Handler
                0x0000a88c       0x20 ./freertos/portable/port.o
                0x0000a88c                SVC_Handler
 .text.prvPortStartFirstTask
                0x0000a8ac       0x20 ./freertos/portable/port.o
 .text.xPortStartScheduler
                0x0000a8cc      0x118 ./freertos/portable/port.o
                0x0000a8cc                xPortStartScheduler
 .text.vPortEnterCritical
                0x0000a9e4       0x5c ./freertos/portable/port.o
                0x0000a9e4                vPortEnterCritical
 .text.vPortExitCritical
                0x0000aa40       0x4c ./freertos/portable/port.o
                0x0000aa40                vPortExitCritical
 .text.PendSV_Handler
                0x0000aa8c       0x60 ./freertos/portable/port.o
                0x0000aa8c                PendSV_Handler
 .text.SysTick_Handler
                0x0000aaec       0x44 ./freertos/portable/port.o
                0x0000aaec                SysTick_Handler
 .text.vPortSetupTimerInterrupt
                0x0000ab30       0x40 ./freertos/portable/port.o
                0x0000ab30                vPortSetupTimerInterrupt
 .text.vPortEnableVFP
                0x0000ab70       0x14 ./freertos/portable/port.o
 .text.vPortValidateInterruptPriority
                0x0000ab84       0x78 ./freertos/portable/port.o
                0x0000ab84                vPortValidateInterruptPriority
 .text.xEventGroupCreate
                0x0000abfc       0x30 ./freertos/event_groups.o
                0x0000abfc                xEventGroupCreate
 .text.xEventGroupWaitBits
                0x0000ac2c      0x194 ./freertos/event_groups.o
                0x0000ac2c                xEventGroupWaitBits
 .text.xEventGroupSetBits
                0x0000adc0      0x114 ./freertos/event_groups.o
                0x0000adc0                xEventGroupSetBits
 .text.vEventGroupSetBitsCallback
                0x0000aed4       0x18 ./freertos/event_groups.o
                0x0000aed4                vEventGroupSetBitsCallback
 .text.prvTestWaitCondition
                0x0000aeec       0x44 ./freertos/event_groups.o
 .text.pvPortMalloc
                0x0000af30      0x184 ./freertos/heap_4.o
                0x0000af30                pvPortMalloc
 .text.vPortFree
                0x0000b0b4       0xb0 ./freertos/heap_4.o
                0x0000b0b4                vPortFree
 .text.prvHeapInit
                0x0000b164       0xc4 ./freertos/heap_4.o
 .text.prvInsertBlockIntoFreeList
                0x0000b228       0xb0 ./freertos/heap_4.o
 .text.vListInitialise
                0x0000b2d8       0x40 ./freertos/list.o
                0x0000b2d8                vListInitialise
 .text.vListInitialiseItem
                0x0000b318       0x18 ./freertos/list.o
                0x0000b318                vListInitialiseItem
 .text.vListInsertEnd
                0x0000b330       0x48 ./freertos/list.o
                0x0000b330                vListInsertEnd
 .text.vListInsert
                0x0000b378       0x70 ./freertos/list.o
                0x0000b378                vListInsert
 .text.uxListRemove
                0x0000b3e8       0x54 ./freertos/list.o
                0x0000b3e8                uxListRemove
 .text.xQueueGenericReset
                0x0000b43c       0xd0 ./freertos/queue.o
                0x0000b43c                xQueueGenericReset
 .text.xQueueGenericCreate
                0x0000b50c       0xac ./freertos/queue.o
                0x0000b50c                xQueueGenericCreate
 .text.xQueueCreateCountingSemaphore
                0x0000b5b8       0x7c ./freertos/queue.o
                0x0000b5b8                xQueueCreateCountingSemaphore
 .text.xQueueGenericSend
                0x0000b634      0x1ec ./freertos/queue.o
                0x0000b634                xQueueGenericSend
 .text.xQueueGenericSendFromISR
                0x0000b820      0x118 ./freertos/queue.o
                0x0000b820                xQueueGenericSendFromISR
 .text.xQueueGiveFromISR
                0x0000b938      0x100 ./freertos/queue.o
                0x0000b938                xQueueGiveFromISR
 .text.xQueueGenericReceive
                0x0000ba38      0x20c ./freertos/queue.o
                0x0000ba38                xQueueGenericReceive
 .text.prvCopyDataToQueue
                0x0000bc44       0xdc ./freertos/queue.o
 .text.prvCopyDataFromQueue
                0x0000bd20       0x4c ./freertos/queue.o
 .text.prvUnlockQueue
                0x0000bd6c       0x98 ./freertos/queue.o
 .text.prvIsQueueEmpty
                0x0000be04       0x2c ./freertos/queue.o
 .text.prvIsQueueFull
                0x0000be30       0x30 ./freertos/queue.o
 .text.vQueueAddToRegistry
                0x0000be60       0x50 ./freertos/queue.o
                0x0000be60                vQueueAddToRegistry
 .text.vQueueWaitForMessageRestricted
                0x0000beb0       0x5c ./freertos/queue.o
                0x0000beb0                vQueueWaitForMessageRestricted
 .text.xTaskGenericCreate
                0x0000bf0c      0x198 ./freertos/tasks.o
                0x0000bf0c                xTaskGenericCreate
 .text.vTaskStartScheduler
                0x0000c0a4       0x98 ./freertos/tasks.o
                0x0000c0a4                vTaskStartScheduler
 .text.vTaskSuspendAll
                0x0000c13c       0x1c ./freertos/tasks.o
                0x0000c13c                vTaskSuspendAll
 .text.xTaskResumeAll
                0x0000c158      0x128 ./freertos/tasks.o
                0x0000c158                xTaskResumeAll
 .text.xTaskGetTickCount
                0x0000c280       0x20 ./freertos/tasks.o
                0x0000c280                xTaskGetTickCount
 .text.xTaskIncrementTick
                0x0000c2a0      0x15c ./freertos/tasks.o
                0x0000c2a0                xTaskIncrementTick
 .text.vTaskSwitchContext
                0x0000c3fc       0xb4 ./freertos/tasks.o
                0x0000c3fc                vTaskSwitchContext
 .text.vTaskPlaceOnEventList
                0x0000c4b0       0x9c ./freertos/tasks.o
                0x0000c4b0                vTaskPlaceOnEventList
 .text.vTaskPlaceOnUnorderedEventList
                0x0000c54c       0xc8 ./freertos/tasks.o
                0x0000c54c                vTaskPlaceOnUnorderedEventList
 .text.vTaskPlaceOnEventListRestricted
                0x0000c614       0x9c ./freertos/tasks.o
                0x0000c614                vTaskPlaceOnEventListRestricted
 .text.xTaskRemoveFromEventList
                0x0000c6b0       0xc4 ./freertos/tasks.o
                0x0000c6b0                xTaskRemoveFromEventList
 .text.xTaskRemoveFromUnorderedEventList
                0x0000c774       0xcc ./freertos/tasks.o
                0x0000c774                xTaskRemoveFromUnorderedEventList
 .text.vTaskSetTimeOutState
                0x0000c840       0x44 ./freertos/tasks.o
                0x0000c840                vTaskSetTimeOutState
 .text.xTaskCheckForTimeOut
                0x0000c884       0xbc ./freertos/tasks.o
                0x0000c884                xTaskCheckForTimeOut
 .text.vTaskMissedYield
                0x0000c940       0x18 ./freertos/tasks.o
                0x0000c940                vTaskMissedYield
 .text.prvIdleTask
                0x0000c958       0x30 ./freertos/tasks.o
 .text.prvInitialiseTCBVariables
                0x0000c988       0xa4 ./freertos/tasks.o
 .text.prvInitialiseTaskLists
                0x0000ca2c       0x7c ./freertos/tasks.o
 .text.prvCheckTasksWaitingTermination
                0x0000caa8       0x74 ./freertos/tasks.o
 .text.prvAddCurrentTaskToDelayedList
                0x0000cb1c       0x6c ./freertos/tasks.o
 .text.prvAllocateTCBAndStack
                0x0000cb88       0x70 ./freertos/tasks.o
 .text.prvDeleteTCB
                0x0000cbf8       0x20 ./freertos/tasks.o
 .text.prvResetNextTaskUnblockTime
                0x0000cc18       0x48 ./freertos/tasks.o
 .text.xTaskGetCurrentTaskHandle
                0x0000cc60       0x20 ./freertos/tasks.o
                0x0000cc60                xTaskGetCurrentTaskHandle
 .text.xTaskGetSchedulerState
                0x0000cc80       0x3c ./freertos/tasks.o
                0x0000cc80                xTaskGetSchedulerState
 .text.vTaskPriorityInherit
                0x0000ccbc       0xec ./freertos/tasks.o
                0x0000ccbc                vTaskPriorityInherit
 .text.xTaskPriorityDisinherit
                0x0000cda8      0x108 ./freertos/tasks.o
                0x0000cda8                xTaskPriorityDisinherit
 .text.uxTaskResetEventItemValue
                0x0000ceb0       0x30 ./freertos/tasks.o
                0x0000ceb0                uxTaskResetEventItemValue
 .text.pvTaskIncrementMutexHeldCount
                0x0000cee0       0x28 ./freertos/tasks.o
                0x0000cee0                pvTaskIncrementMutexHeldCount
 .text.xTimerCreateTimerTask
                0x0000cf08       0x64 ./freertos/timers.o
                0x0000cf08                xTimerCreateTimerTask
 .text.xTimerGenericCommand
                0x0000cf6c       0xa4 ./freertos/timers.o
                0x0000cf6c                xTimerGenericCommand
 .text.prvProcessExpiredTimer
                0x0000d010       0x80 ./freertos/timers.o
 .text.prvTimerTask
                0x0000d090       0x24 ./freertos/timers.o
 .text.prvProcessTimerOrBlockTask
                0x0000d0b4       0x9c ./freertos/timers.o
 .text.prvGetNextExpireTime
                0x0000d150       0x48 ./freertos/timers.o
 .text.prvSampleTimeNow
                0x0000d198       0x40 ./freertos/timers.o
 .text.prvInsertTimerInActiveList
                0x0000d1d8       0x84 ./freertos/timers.o
 .text.prvProcessReceivedCommands
                0x0000d25c      0x164 ./freertos/timers.o
 .text.prvSwitchTimerLists
                0x0000d3c0       0xc0 ./freertos/timers.o
 .text.prvCheckForValidListAndQueue
                0x0000d480       0x8c ./freertos/timers.o
 .text.xTimerPendFunctionCallFromISR
                0x0000d50c       0x44 ./freertos/timers.o
                0x0000d50c                xTimerPendFunctionCallFromISR
 .text.NVIC_EnableIRQ
                0x0000d550       0x30 ./framework/TimersManager/Source/TMR_Adapter.o
 .text.NVIC_ClearPendingIRQ
                0x0000d580       0x34 ./framework/TimersManager/Source/TMR_Adapter.o
 .text.NVIC_SetPriority
                0x0000d5b4       0x54 ./framework/TimersManager/Source/TMR_Adapter.o
 .text.FTM_StartTimer
                0x0000d608       0x38 ./framework/TimersManager/Source/TMR_Adapter.o
 .text.FTM_StopTimer
                0x0000d640       0x20 ./framework/TimersManager/Source/TMR_Adapter.o
 .text.StackTimer_Init
                0x0000d660       0x78 ./framework/TimersManager/Source/TMR_Adapter.o
                0x0000d660                StackTimer_Init
 .text.StackTimer_Enable
                0x0000d6d8       0x18 ./framework/TimersManager/Source/TMR_Adapter.o
                0x0000d6d8                StackTimer_Enable
 .text.StackTimer_Disable
                0x0000d6f0       0x14 ./framework/TimersManager/Source/TMR_Adapter.o
                0x0000d6f0                StackTimer_Disable
 .text.StackTimer_GetInputFrequency
                0x0000d704       0x24 ./framework/TimersManager/Source/TMR_Adapter.o
                0x0000d704                StackTimer_GetInputFrequency
 .text.StackTimer_GetCounterValue
                0x0000d728       0x18 ./framework/TimersManager/Source/TMR_Adapter.o
                0x0000d728                StackTimer_GetCounterValue
 .text.StackTimer_SetOffsetTicks
                0x0000d740       0x24 ./framework/TimersManager/Source/TMR_Adapter.o
                0x0000d740                StackTimer_SetOffsetTicks
 .text.StackTimer_ClearIntFlag
                0x0000d764       0x28 ./framework/TimersManager/Source/TMR_Adapter.o
                0x0000d764                StackTimer_ClearIntFlag
 .text.TMR_GetTimerStatus
                0x0000d78c       0x28 ./framework/TimersManager/Source/TimersManager.o
 .text.TMR_SetTimerStatus
                0x0000d7b4       0x38 ./framework/TimersManager/Source/TimersManager.o
 .text.TMR_GetTimerType
                0x0000d7ec       0x28 ./framework/TimersManager/Source/TimersManager.o
 .text.TMR_SetTimerType
                0x0000d814       0x38 ./framework/TimersManager/Source/TimersManager.o
 .text.TmrTicksFromMilliseconds
                0x0000d84c       0x50 ./framework/TimersManager/Source/TimersManager.o
                0x0000d84c                TmrTicksFromMilliseconds
 .text.TMR_Init
                0x0000d89c       0x7c ./framework/TimersManager/Source/TimersManager.o
                0x0000d89c                TMR_Init
 .text.TMR_NotifyClkChanged
                0x0000d918       0x40 ./framework/TimersManager/Source/TimersManager.o
                0x0000d918                TMR_NotifyClkChanged
 .text.TMR_AllocateTimer
                0x0000d958       0x48 ./framework/TimersManager/Source/TimersManager.o
                0x0000d958                TMR_AllocateTimer
 .text.StackTimer_ISR
                0x0000d9a0       0x1c ./framework/TimersManager/Source/TimersManager.o
 .text.TMR_IsTimerActive
                0x0000d9bc       0x28 ./framework/TimersManager/Source/TimersManager.o
                0x0000d9bc                TMR_IsTimerActive
 .text.TMR_StartTimer
                0x0000d9e4       0xbc ./framework/TimersManager/Source/TimersManager.o
                0x0000d9e4                TMR_StartTimer
 .text.TMR_StartIntervalTimer
                0x0000daa0       0x2c ./framework/TimersManager/Source/TimersManager.o
                0x0000daa0                TMR_StartIntervalTimer
 .text.TMR_StartSingleShotTimer
                0x0000dacc       0x2c ./framework/TimersManager/Source/TimersManager.o
                0x0000dacc                TMR_StartSingleShotTimer
 .text.TMR_StopTimer
                0x0000daf8       0xc4 ./framework/TimersManager/Source/TimersManager.o
                0x0000daf8                TMR_StopTimer
 .text.TMR_Task
                0x0000dbbc      0x2ec ./framework/TimersManager/Source/TimersManager.o
                0x0000dbbc                TMR_Task
 .text.TMR_EnableTimer
                0x0000dea8       0x78 ./framework/TimersManager/Source/TimersManager.o
                0x0000dea8                TMR_EnableTimer
 .text.SerialManager_Init
                0x0000df20       0x78 ./framework/SerialManager/Source/SerialManager.o
                0x0000df20                SerialManager_Init
 .text.SerialManagerTask
                0x0000df98      0x134 ./framework/SerialManager/Source/SerialManager.o
                0x0000df98                SerialManagerTask
 .text.Serial_InitInterface
                0x0000e0cc      0x16c ./framework/SerialManager/Source/SerialManager.o
                0x0000e0cc                Serial_InitInterface
 .text.Serial_AsyncWrite
                0x0000e238      0x15c ./framework/SerialManager/Source/SerialManager.o
                0x0000e238                Serial_AsyncWrite
 .text.Serial_SyncWrite
                0x0000e394       0xb4 ./framework/SerialManager/Source/SerialManager.o
                0x0000e394                Serial_SyncWrite
 .text.Serial_Read
                0x0000e448       0xcc ./framework/SerialManager/Source/SerialManager.o
                0x0000e448                Serial_Read
 .text.Serial_RxBufferByteCount
                0x0000e514       0xc4 ./framework/SerialManager/Source/SerialManager.o
                0x0000e514                Serial_RxBufferByteCount
 .text.Serial_SetRxCallBack
                0x0000e5d8       0x58 ./framework/SerialManager/Source/SerialManager.o
                0x0000e5d8                Serial_SetRxCallBack
 .text.Serial_SetBaudRate
                0x0000e630       0x6c ./framework/SerialManager/Source/SerialManager.o
                0x0000e630                Serial_SetBaudRate
 .text.Serial_Print
                0x0000e69c       0x60 ./framework/SerialManager/Source/SerialManager.o
                0x0000e69c                Serial_Print
 .text.Serial_PrintHex
                0x0000e6fc      0x158 ./framework/SerialManager/Source/SerialManager.o
                0x0000e6fc                Serial_PrintHex
 .text.Serial_PrintDec
                0x0000e854       0x98 ./framework/SerialManager/Source/SerialManager.o
                0x0000e854                Serial_PrintDec
 .text.Serial_WriteInternal
                0x0000e8ec       0xe8 ./framework/SerialManager/Source/SerialManager.o
 .text.SerialManager_RxNotify
                0x0000e9d4       0xb0 ./framework/SerialManager/Source/SerialManager.o
                0x0000e9d4                SerialManager_RxNotify
 .text.SerialManager_TxNotify
                0x0000ea84       0xd0 ./framework/SerialManager/Source/SerialManager.o
                0x0000ea84                SerialManager_TxNotify
 .text.Serial_TxQueueMaintenance
                0x0000eb54      0x124 ./framework/SerialManager/Source/SerialManager.o
 .text.Serial_SyncTxCallback
                0x0000ec78       0x1c ./framework/SerialManager/Source/SerialManager.o
 .text.Serial_UartRxCb
                0x0000ec94       0x4c ./framework/SerialManager/Source/SerialManager.o
 .text.Serial_UartTxCb
                0x0000ece0       0x18 ./framework/SerialManager/Source/SerialManager.o
 .text.NVIC_EnableIRQ
                0x0000ecf8       0x30 ./framework/SerialManager/Source/UART_Adapter.o
 .text.NVIC_SetPriority
                0x0000ed28       0x54 ./framework/SerialManager/Source/UART_Adapter.o
 .text.UART_WriteByte
                0x0000ed7c       0x1c ./framework/SerialManager/Source/UART_Adapter.o
 .text.UART_ReadByte
                0x0000ed98       0x1c ./framework/SerialManager/Source/UART_Adapter.o
 .text.UART_Initialize
                0x0000edb4       0xdc ./framework/SerialManager/Source/UART_Adapter.o
                0x0000edb4                UART_Initialize
 .text.UART_SetBaudrate
                0x0000ee90       0x44 ./framework/SerialManager/Source/UART_Adapter.o
                0x0000ee90                UART_SetBaudrate
 .text.UART_SendData
                0x0000eed4       0xb0 ./framework/SerialManager/Source/UART_Adapter.o
                0x0000eed4                UART_SendData
 .text.UART_InstallRxCalback
                0x0000ef84       0x48 ./framework/SerialManager/Source/UART_Adapter.o
                0x0000ef84                UART_InstallRxCalback
 .text.UART_InstallTxCalback
                0x0000efcc       0x48 ./framework/SerialManager/Source/UART_Adapter.o
                0x0000efcc                UART_InstallTxCalback
 .text.UART_IsTxActive
                0x0000f014       0x58 ./framework/SerialManager/Source/UART_Adapter.o
                0x0000f014                UART_IsTxActive
 .text.UART_ISR
                0x0000f06c      0x148 ./framework/SerialManager/Source/UART_Adapter.o
 .text.NVIC_SystemReset
                0x0000f1b4       0x28 ./framework/Reset/Source/Reset.o
 .text.ResetMCU
                0x0000f1dc        0xc ./framework/Reset/Source/Reset.o
                0x0000f1dc                ResetMCU
 .text.RNG_Init
                0x0000f1e8       0x44 ./framework/RNG/Source/RNG.o
                0x0000f1e8                RNG_Init
 .text.RNG_GetRandomNo
                0x0000f22c       0x2c ./framework/RNG/Source/RNG.o
                0x0000f22c                RNG_GetRandomNo
 .text.panic    0x0000f258       0x18 ./framework/Panic/Source/Panic.o
                0x0000f258                panic
 .text.startup_task
                0x0000f270       0x10 ./framework/OSAbstraction/Interface/fsl_os_abstraction_free_rtos.o
                0x0000f270                startup_task
 .text.OSA_TaskGetId
                0x0000f280       0x10 ./framework/OSAbstraction/Interface/fsl_os_abstraction_free_rtos.o
                0x0000f280                OSA_TaskGetId
 .text.OSA_TaskCreate
                0x0000f290       0x58 ./framework/OSAbstraction/Interface/fsl_os_abstraction_free_rtos.o
                0x0000f290                OSA_TaskCreate
 .text.OSA_SemaphoreCreate
                0x0000f2e8       0x1c ./framework/OSAbstraction/Interface/fsl_os_abstraction_free_rtos.o
                0x0000f2e8                OSA_SemaphoreCreate
 .text.OSA_SemaphoreWait
                0x0000f304       0x60 ./framework/OSAbstraction/Interface/fsl_os_abstraction_free_rtos.o
                0x0000f304                OSA_SemaphoreWait
 .text.OSA_SemaphorePost
                0x0000f364       0x84 ./framework/OSAbstraction/Interface/fsl_os_abstraction_free_rtos.o
                0x0000f364                OSA_SemaphorePost
 .text.OSA_EventCreate
                0x0000f3e8       0x64 ./framework/OSAbstraction/Interface/fsl_os_abstraction_free_rtos.o
                0x0000f3e8                OSA_EventCreate
 .text.OSA_EventSet
                0x0000f44c       0xa4 ./framework/OSAbstraction/Interface/fsl_os_abstraction_free_rtos.o
                0x0000f44c                OSA_EventSet
 .text.OSA_EventWait
                0x0000f4f0       0xa0 ./framework/OSAbstraction/Interface/fsl_os_abstraction_free_rtos.o
                0x0000f4f0                OSA_EventWait
 .text.OSA_InterruptEnable
                0x0000f590       0x4c ./framework/OSAbstraction/Interface/fsl_os_abstraction_free_rtos.o
                0x0000f590                OSA_InterruptEnable
 .text.OSA_InterruptDisable
                0x0000f5dc       0x60 ./framework/OSAbstraction/Interface/fsl_os_abstraction_free_rtos.o
                0x0000f5dc                OSA_InterruptDisable
 .text.OSA_InstallIntHandler
                0x0000f63c       0x20 ./framework/OSAbstraction/Interface/fsl_os_abstraction_free_rtos.o
                0x0000f63c                OSA_InstallIntHandler
 .text.main     0x0000f65c       0x20 ./framework/OSAbstraction/Interface/fsl_os_abstraction_free_rtos.o
                0x0000f65c                main
 .text.osObjectAlloc
                0x0000f67c       0x50 ./framework/OSAbstraction/Interface/fsl_os_abstraction_free_rtos.o
 .text.osObjectIsAllocated
                0x0000f6cc       0x54 ./framework/OSAbstraction/Interface/fsl_os_abstraction_free_rtos.o
 .text.osObjectFree
                0x0000f720       0x4c ./framework/OSAbstraction/Interface/fsl_os_abstraction_free_rtos.o
 .text.ListAddTailMsg
                0x0000f76c       0x24 ./framework/Messaging/Source/Messaging.o
                0x0000f76c                ListAddTailMsg
 .text.ListAddHeadMsg
                0x0000f790       0x24 ./framework/Messaging/Source/Messaging.o
                0x0000f790                ListAddHeadMsg
 .text.ListRemoveHeadMsg
                0x0000f7b4       0x28 ./framework/Messaging/Source/Messaging.o
                0x0000f7b4                ListRemoveHeadMsg
 .text.MEM_Init
                0x0000f7dc       0xbc ./framework/MemManager/Source/MemManager.o
                0x0000f7dc                MEM_Init
 .text.MEM_BufferAllocWithId
                0x0000f898       0xac ./framework/MemManager/Source/MemManager.o
                0x0000f898                MEM_BufferAllocWithId
 .text.MEM_BufferFree
                0x0000f944       0xb0 ./framework/MemManager/Source/MemManager.o
                0x0000f944                MEM_BufferFree
 .text.ListInit
                0x0000f9f4       0x30 ./framework/Lists/GenericList.o
                0x0000f9f4                ListInit
 .text.ListAddTail
                0x0000fa24       0x78 ./framework/Lists/GenericList.o
                0x0000fa24                ListAddTail
 .text.ListAddHead
                0x0000fa9c       0x78 ./framework/Lists/GenericList.o
                0x0000fa9c                ListAddHead
 .text.ListRemoveHead
                0x0000fb14       0x68 ./framework/Lists/GenericList.o
                0x0000fb14                ListRemoveHead
 .text.LED_Init
                0x0000fb7c       0x28 ./framework/LED/Source/LED.o
                0x0000fb7c                LED_Init
 .text.LED_Operate
                0x0000fba4       0x5c ./framework/LED/Source/LED.o
                0x0000fba4                LED_Operate
 .text.LED_TurnOnLed
                0x0000fc00       0x1c ./framework/LED/Source/LED.o
                0x0000fc00                LED_TurnOnLed
 .text.LED_TurnOffLed
                0x0000fc1c       0x1c ./framework/LED/Source/LED.o
                0x0000fc1c                LED_TurnOffLed
 .text.LED_ToggleLed
                0x0000fc38       0x1c ./framework/LED/Source/LED.o
                0x0000fc38                LED_ToggleLed
 .text.LED_StopFlashingAllLeds
                0x0000fc54       0x10 ./framework/LED/Source/LED.o
                0x0000fc54                LED_StopFlashingAllLeds
 .text.LED_StartBlip
                0x0000fc64       0x48 ./framework/LED/Source/LED.o
                0x0000fc64                LED_StartBlip
 .text.LED_StopFlash
                0x0000fcac       0x44 ./framework/LED/Source/LED.o
                0x0000fcac                LED_StopFlash
 .text.LED_SetLed
                0x0000fcf0       0x94 ./framework/LED/Source/LED.o
                0x0000fcf0                LED_SetLed
 .text.LED_StartFlashWithPeriod
                0x0000fd84       0x54 ./framework/LED/Source/LED.o
                0x0000fd84                LED_StartFlashWithPeriod
 .text.LED_StartSerialFlashWithPeriod
                0x0000fdd8       0x74 ./framework/LED/Source/LED.o
                0x0000fdd8                LED_StartSerialFlashWithPeriod
 .text.LED_StopSerialFlash
                0x0000fe4c       0x58 ./framework/LED/Source/LED.o
                0x0000fe4c                LED_StopSerialFlash
 .text.LED_GpioSet
                0x0000fea4       0x3c ./framework/LED/Source/LED.o
 .text.LED_DecrementBlip
                0x0000fee0       0x78 ./framework/LED/Source/LED.o
 .text.LED_FlashTimeout
                0x0000ff58       0x68 ./framework/LED/Source/LED.o
 .text.NVIC_EnableIRQ
                0x0000ffc0       0x30 ./framework/GPIO/Source/GPIO_Adapter.o
 .text.NVIC_ClearPendingIRQ
                0x0000fff0       0x34 ./framework/GPIO/Source/GPIO_Adapter.o
 .text.NVIC_SetPriority
                0x00010024       0x54 ./framework/GPIO/Source/GPIO_Adapter.o
 .text.NVIC_GetPriority
                0x00010078       0x50 ./framework/GPIO/Source/GPIO_Adapter.o
 .text.GPIO_SetPinsOutput
                0x000100c8       0x1c ./framework/GPIO/Source/GPIO_Adapter.o
 .text.GPIO_ClearPinsOutput
                0x000100e4       0x1c ./framework/GPIO/Source/GPIO_Adapter.o
 .text.GPIO_TogglePinsOutput
                0x00010100       0x1c ./framework/GPIO/Source/GPIO_Adapter.o
 .text.GPIO_ReadPinInput
                0x0001011c       0x24 ./framework/GPIO/Source/GPIO_Adapter.o
 .text.PORT_SetPinConfig
                0x00010140       0x44 ./framework/GPIO/Source/GPIO_Adapter.o
 .text.PORT_SetPinMux
                0x00010184       0x38 ./framework/GPIO/Source/GPIO_Adapter.o
 .text.PORT_SetPinInterruptConfig
                0x000101bc       0x38 ./framework/GPIO/Source/GPIO_Adapter.o
 .text.PORT_GetPinsInterruptFlags
                0x000101f4       0x1c ./framework/GPIO/Source/GPIO_Adapter.o
 .text.PORT_ClearPinsInterruptFlags
                0x00010210       0x1c ./framework/GPIO/Source/GPIO_Adapter.o
 .text.GpioSetPinInterrupt
                0x0001022c       0x34 ./framework/GPIO/Source/GPIO_Adapter.o
                0x0001022c                GpioSetPinInterrupt
 .text.GpioSetPassiveFilter
                0x00010260       0x5c ./framework/GPIO/Source/GPIO_Adapter.o
                0x00010260                GpioSetPassiveFilter
 .text.GpioSetPinMux
                0x000102bc       0x34 ./framework/GPIO/Source/GPIO_Adapter.o
                0x000102bc                GpioSetPinMux
 .text.GpioClearPinIntFlag
                0x000102f0       0x30 ./framework/GPIO/Source/GPIO_Adapter.o
                0x000102f0                GpioClearPinIntFlag
 .text.GpioSetPinOutput
                0x00010320       0x30 ./framework/GPIO/Source/GPIO_Adapter.o
                0x00010320                GpioSetPinOutput
 .text.GpioClearPinOutput
                0x00010350       0x30 ./framework/GPIO/Source/GPIO_Adapter.o
                0x00010350                GpioClearPinOutput
 .text.GpioTogglePinOutput
                0x00010380       0x30 ./framework/GPIO/Source/GPIO_Adapter.o
                0x00010380                GpioTogglePinOutput
 .text.GpioReadPinInput
                0x000103b0       0x30 ./framework/GPIO/Source/GPIO_Adapter.o
                0x000103b0                GpioReadPinInput
 .text.GpioInputPinInit
                0x000103e0       0xfc ./framework/GPIO/Source/GPIO_Adapter.o
                0x000103e0                GpioInputPinInit
 .text.GpioOutputPinInit
                0x000104dc       0xe4 ./framework/GPIO/Source/GPIO_Adapter.o
                0x000104dc                GpioOutputPinInit
 .text.GpioInstallIsr
                0x000105c0      0x238 ./framework/GPIO/Source/GPIO_Adapter.o
                0x000105c0                GpioInstallIsr
 .text.Gpio_CommonIsr
                0x000107f8       0xa8 ./framework/GPIO/Source/GPIO_Adapter.o
 .text.Gpio_InstallPortISR
                0x000108a0       0x54 ./framework/GPIO/Source/GPIO_Adapter.o
 .text.FLib_MemCpy
                0x000108f4       0x38 ./framework/FunctionLib/FunctionLib.o
                0x000108f4                FLib_MemCpy
 .text.FLib_MemSet
                0x0001092c       0x30 ./framework/FunctionLib/FunctionLib.o
                0x0001092c                FLib_MemSet
 .text.CLOCK_EnableClock
                0x0001095c       0x34 ./drivers/fsl_clock.o
 .text.CLOCK_DisableClock
                0x00010990       0x38 ./drivers/fsl_clock.o
 .text.CLOCK_SetEr32kClock
                0x000109c8       0x2c ./drivers/fsl_clock.o
 .text.CLOCK_SetPllFllSelClock
                0x000109f4       0x38 ./drivers/fsl_clock.o
 .text.OSC_SetExtRefClkConfig
                0x00010a2c       0x34 ./drivers/fsl_clock.o
 .text.OSC_SetCapLoad
                0x00010a60       0x34 ./drivers/fsl_clock.o
 .text.CLOCK_GetMcgExtClkFreq
                0x00010a94       0x8c ./drivers/fsl_clock.o
 .text.CLOCK_GetFllExtRefClkFreq
                0x00010b20       0xc8 ./drivers/fsl_clock.o
 .text.CLOCK_GetInternalRefClkSelectFreq
                0x00010be8       0x44 ./drivers/fsl_clock.o
 .text.CLOCK_GetFllRefClkFreq
                0x00010c2c       0x2c ./drivers/fsl_clock.o
 .text.CLOCK_GetPll0RefFreq
                0x00010c58       0x10 ./drivers/fsl_clock.o
 .text.CLOCK_GetOscRangeFromFreq
                0x00010c68       0x3c ./drivers/fsl_clock.o
 .text.CLOCK_GetOsc0ErClkFreq
                0x00010ca4       0x48 ./drivers/fsl_clock.o
                0x00010ca4                CLOCK_GetOsc0ErClkFreq
 .text.CLOCK_GetEr32kClkFreq
                0x00010cec       0x80 ./drivers/fsl_clock.o
                0x00010cec                CLOCK_GetEr32kClkFreq
 .text.CLOCK_GetPllFllSelClkFreq
                0x00010d6c       0x54 ./drivers/fsl_clock.o
                0x00010d6c                CLOCK_GetPllFllSelClkFreq
 .text.CLOCK_GetFreq
                0x00010dc0      0x144 ./drivers/fsl_clock.o
                0x00010dc0                CLOCK_GetFreq
 .text.CLOCK_SetSimConfig
                0x00010f04       0x34 ./drivers/fsl_clock.o
                0x00010f04                CLOCK_SetSimConfig
 .text.CLOCK_EnableUsbfs0Clock
                0x00010f38      0x100 ./drivers/fsl_clock.o
                0x00010f38                CLOCK_EnableUsbfs0Clock
 .text.CLOCK_GetOutClkFreq
                0x00011038       0x64 ./drivers/fsl_clock.o
                0x00011038                CLOCK_GetOutClkFreq
 .text.CLOCK_GetFllFreq
                0x0001109c       0x74 ./drivers/fsl_clock.o
                0x0001109c                CLOCK_GetFllFreq
 .text.CLOCK_GetInternalRefClkFreq
                0x00011110       0x24 ./drivers/fsl_clock.o
                0x00011110                CLOCK_GetInternalRefClkFreq
 .text.CLOCK_GetFixedFreqClkFreq
                0x00011134       0x30 ./drivers/fsl_clock.o
                0x00011134                CLOCK_GetFixedFreqClkFreq
 .text.CLOCK_GetPll0Freq
                0x00011164       0x78 ./drivers/fsl_clock.o
                0x00011164                CLOCK_GetPll0Freq
 .text.CLOCK_SetExternalRefClkConfig
                0x000111dc       0x90 ./drivers/fsl_clock.o
                0x000111dc                CLOCK_SetExternalRefClkConfig
 .text.CLOCK_SetInternalRefClkConfig
                0x0001126c      0x104 ./drivers/fsl_clock.o
                0x0001126c                CLOCK_SetInternalRefClkConfig
 .text.CLOCK_EnablePll0
                0x00011370       0x94 ./drivers/fsl_clock.o
                0x00011370                CLOCK_EnablePll0
 .text.CLOCK_InitOsc0
                0x00011404       0x8c ./drivers/fsl_clock.o
                0x00011404                CLOCK_InitOsc0
 .text.CLOCK_SetPbeMode
                0x00011490       0x98 ./drivers/fsl_clock.o
                0x00011490                CLOCK_SetPbeMode
 .text.CLOCK_BootToPeeMode
                0x00011528       0x74 ./drivers/fsl_clock.o
                0x00011528                CLOCK_BootToPeeMode
 .text.__assert_func
                0x0001159c       0x28 ./drivers/fsl_common.o
                0x0001159c                __assert_func
 .text.InstallIRQHandler
                0x000115c4       0x74 ./drivers/fsl_common.o
                0x000115c4                InstallIRQHandler
 .text.CLOCK_EnableClock
                0x00011638       0x34 ./drivers/fsl_dspi.o
 .text.DSPI_Enable
                0x0001166c       0x38 ./drivers/fsl_dspi.o
 .text.DSPI_GetStatusFlags
                0x000116a4       0x18 ./drivers/fsl_dspi.o
 .text.DSPI_ClearStatusFlags
                0x000116bc       0x1c ./drivers/fsl_dspi.o
 .text.DSPI_SetMasterSlaveMode
                0x000116d8       0x28 ./drivers/fsl_dspi.o
 .text.DSPI_IsMaster
                0x00011700       0x1c ./drivers/fsl_dspi.o
 .text.DSPI_StartTransfer
                0x0001171c       0x20 ./drivers/fsl_dspi.o
 .text.DSPI_StopTransfer
                0x0001173c       0x20 ./drivers/fsl_dspi.o
 .text.DSPI_GetInstance
                0x0001175c       0x58 ./drivers/fsl_dspi.o
                0x0001175c                DSPI_GetInstance
 .text.DSPI_MasterInit
                0x000117b4      0x16c ./drivers/fsl_dspi.o
                0x000117b4                DSPI_MasterInit
 .text.DSPI_MasterGetDefaultConfig
                0x00011920       0x7c ./drivers/fsl_dspi.o
                0x00011920                DSPI_MasterGetDefaultConfig
 .text.DSPI_SetOnePcsPolarity
                0x0001199c       0x4c ./drivers/fsl_dspi.o
 .text.DSPI_MasterSetBaudRate
                0x000119e8      0x120 ./drivers/fsl_dspi.o
                0x000119e8                DSPI_MasterSetBaudRate
 .text.DSPI_MasterSetDelayScaler
                0x00011b08       0xd0 ./drivers/fsl_dspi.o
                0x00011b08                DSPI_MasterSetDelayScaler
 .text.DSPI_MasterSetDelayTimes
                0x00011bd8      0x12c ./drivers/fsl_dspi.o
                0x00011bd8                DSPI_MasterSetDelayTimes
 .text.DSPI_GetDefaultDataCommandConfig
                0x00011d04       0x30 ./drivers/fsl_dspi.o
                0x00011d04                DSPI_GetDefaultDataCommandConfig
 .text.DSPI_MasterWriteCommandDataBlocking
                0x00011d34       0x54 ./drivers/fsl_dspi.o
                0x00011d34                DSPI_MasterWriteCommandDataBlocking
 .text.DSPI_CommonIRQHandler
                0x00011d88       0x3c ./drivers/fsl_dspi.o
 .text.SPI0_DriverIRQHandler
                0x00011dc4       0x3c ./drivers/fsl_dspi.o
                0x00011dc4                SPI0_DriverIRQHandler
 .text.SPI1_DriverIRQHandler
                0x00011e00       0x3c ./drivers/fsl_dspi.o
                0x00011e00                SPI1_DriverIRQHandler
 .text.SPI2_DriverIRQHandler
                0x00011e3c       0x3c ./drivers/fsl_dspi.o
                0x00011e3c                SPI2_DriverIRQHandler
 .text.CLOCK_EnableClock
                0x00011e78       0x34 ./drivers/fsl_ftm.o
 .text.FTM_GetInstance
                0x00011eac       0x60 ./drivers/fsl_ftm.o
 .text.FTM_SetPwmSync
                0x00011f0c      0x118 ./drivers/fsl_ftm.o
 .text.FTM_SetReloadPoints
                0x00012024      0x170 ./drivers/fsl_ftm.o
 .text.FTM_Init
                0x00012194      0x100 ./drivers/fsl_ftm.o
                0x00012194                FTM_Init
 .text.FTM_SetupOutputCompare
                0x00012294       0x9c ./drivers/fsl_ftm.o
                0x00012294                FTM_SetupOutputCompare
 .text.FTM_EnableInterrupts
                0x00012330       0x88 ./drivers/fsl_ftm.o
                0x00012330                FTM_EnableInterrupts
 .text.FTM_GetStatusFlags
                0x000123b8       0x64 ./drivers/fsl_ftm.o
                0x000123b8                FTM_GetStatusFlags
 .text.FTM_ClearStatusFlags
                0x0001241c       0x68 ./drivers/fsl_ftm.o
                0x0001241c                FTM_ClearStatusFlags
 .text.GPIO_WritePinOutput
                0x00012484       0x3c ./drivers/fsl_gpio.o
 .text.GPIO_PinInit
                0x000124c0       0x70 ./drivers/fsl_gpio.o
                0x000124c0                GPIO_PinInit
 .text.I2C_TransferCommonIRQHandler
                0x00012530       0x4c ./drivers/fsl_i2c.o
 .text.I2C0_DriverIRQHandler
                0x0001257c       0x1c ./drivers/fsl_i2c.o
                0x0001257c                I2C0_DriverIRQHandler
 .text.I2C1_DriverIRQHandler
                0x00012598       0x1c ./drivers/fsl_i2c.o
                0x00012598                I2C1_DriverIRQHandler
 .text.I2C2_DriverIRQHandler
                0x000125b4       0x1c ./drivers/fsl_i2c.o
                0x000125b4                I2C2_DriverIRQHandler
 .text.CLOCK_EnableClock
                0x000125d0       0x34 ./drivers/fsl_rnga.o
 .text.CLOCK_DisableClock
                0x00012604       0x38 ./drivers/fsl_rnga.o
 .text.RNGA_Init
                0x0001263c       0x38 ./drivers/fsl_rnga.o
                0x0001263c                RNGA_Init
 .text.rnga_ReadEntropy
                0x00012674       0x38 ./drivers/fsl_rnga.o
 .text.RNGA_GetRandomData
                0x000126ac       0x88 ./drivers/fsl_rnga.o
                0x000126ac                RNGA_GetRandomData
 .text.RNGA_GetMode
                0x00012734       0x20 ./drivers/fsl_rnga.o
                0x00012734                RNGA_GetMode
 .text.CLOCK_EnableClock
                0x00012754       0x34 ./drivers/fsl_uart.o
 .text.UART_GetInstance
                0x00012788       0x60 ./drivers/fsl_uart.o
                0x00012788                UART_GetInstance
 .text.UART_Init
                0x000127e8      0x2bc ./drivers/fsl_uart.o
                0x000127e8                UART_Init
 .text.UART_GetDefaultConfig
                0x00012aa4       0x5c ./drivers/fsl_uart.o
                0x00012aa4                UART_GetDefaultConfig
 .text.UART_SetBaudRate
                0x00012b00      0x108 ./drivers/fsl_uart.o
                0x00012b00                UART_SetBaudRate
 .text.UART_EnableInterrupts
                0x00012c08       0x70 ./drivers/fsl_uart.o
                0x00012c08                UART_EnableInterrupts
 .text.UART_DisableInterrupts
                0x00012c78       0x80 ./drivers/fsl_uart.o
                0x00012c78                UART_DisableInterrupts
 .text.UART_GetEnabledInterrupts
                0x00012cf8       0x4c ./drivers/fsl_uart.o
                0x00012cf8                UART_GetEnabledInterrupts
 .text.UART_GetStatusFlags
                0x00012d44       0x48 ./drivers/fsl_uart.o
                0x00012d44                UART_GetStatusFlags
 .text.UART_ClearStatusFlags
                0x00012d8c       0x8c ./drivers/fsl_uart.o
                0x00012d8c                UART_ClearStatusFlags
 .text.UART0_DriverIRQHandler
                0x00012e18       0x20 ./drivers/fsl_uart.o
                0x00012e18                UART0_DriverIRQHandler
 .text.UART0_RX_TX_DriverIRQHandler
                0x00012e38        0xc ./drivers/fsl_uart.o
                0x00012e38                UART0_RX_TX_DriverIRQHandler
 .text.UART1_DriverIRQHandler
                0x00012e44       0x20 ./drivers/fsl_uart.o
                0x00012e44                UART1_DriverIRQHandler
 .text.UART1_RX_TX_DriverIRQHandler
                0x00012e64        0xc ./drivers/fsl_uart.o
                0x00012e64                UART1_RX_TX_DriverIRQHandler
 .text.UART2_DriverIRQHandler
                0x00012e70       0x20 ./drivers/fsl_uart.o
                0x00012e70                UART2_DriverIRQHandler
 .text.UART2_RX_TX_DriverIRQHandler
                0x00012e90        0xc ./drivers/fsl_uart.o
                0x00012e90                UART2_RX_TX_DriverIRQHandler
 .text.UART3_DriverIRQHandler
                0x00012e9c       0x20 ./drivers/fsl_uart.o
                0x00012e9c                UART3_DriverIRQHandler
 .text.UART3_RX_TX_DriverIRQHandler
                0x00012ebc        0xc ./drivers/fsl_uart.o
                0x00012ebc                UART3_RX_TX_DriverIRQHandler
 .text.UART4_DriverIRQHandler
                0x00012ec8       0x20 ./drivers/fsl_uart.o
                0x00012ec8                UART4_DriverIRQHandler
 .text.UART4_RX_TX_DriverIRQHandler
                0x00012ee8        0xc ./drivers/fsl_uart.o
                0x00012ee8                UART4_RX_TX_DriverIRQHandler
 .text.UART5_DriverIRQHandler
                0x00012ef4       0x20 ./drivers/fsl_uart.o
                0x00012ef4                UART5_DriverIRQHandler
 .text.UART5_RX_TX_DriverIRQHandler
                0x00012f14        0xc ./drivers/fsl_uart.o
                0x00012f14                UART5_RX_TX_DriverIRQHandler
 .text.BOARD_GetUartClock
                0x00012f20       0x18 ./board/board.o
                0x00012f20                BOARD_GetUartClock
 .text.BOARD_GetFtmClock
                0x00012f38       0x18 ./board/board.o
                0x00012f38                BOARD_GetFtmClock
 .text.BOARD_GetSpiClock
                0x00012f50       0x18 ./board/board.o
                0x00012f50                BOARD_GetSpiClock
 .text.CLOCK_SetSdhc0Clock
                0x00012f68       0x38 ./board/clock_config.o
 .text.CLOCK_SetEnetTime0Clock
                0x00012fa0       0x38 ./board/clock_config.o
 .text.CLOCK_SetRmii0Clock
                0x00012fd8       0x38 ./board/clock_config.o
 .text.CLOCK_SetTraceClock
                0x00013010       0x38 ./board/clock_config.o
 .text.CLOCK_SetClkOutClock
                0x00013048       0x38 ./board/clock_config.o
 .text.CLOCK_SetSimSafeDivs
                0x00013080       0x20 ./board/clock_config.o
 .text.CLOCK_SetXtal0Freq
                0x000130a0       0x1c ./board/clock_config.o
 .text.CLOCK_CONFIG_SetFllExtRefDiv
                0x000130bc       0x38 ./board/clock_config.o
 .text.BOARD_BootClockRUN
                0x000130f4       0x88 ./board/clock_config.o
                0x000130f4                BOARD_BootClockRUN
 .text.CLOCK_EnableClock
                0x0001317c       0x34 ./board/hardware_init.o
 .text.hardware_init
                0x000131b0       0x94 ./board/hardware_init.o
                0x000131b0                hardware_init
 .text.NMI_Handler
                0x00013244       0x1c ./board/hardware_init.o
                0x00013244                NMI_Handler
 .text.CLOCK_EnableClock
                0x00013260       0x34 ./board/pin_mux.o
 .text.PORT_SetPinConfig
                0x00013294       0x44 ./board/pin_mux.o
 .text.PORT_SetPinMux
                0x000132d8       0x38 ./board/pin_mux.o
 .text.BOARD_InitLEDs
                0x00013310      0x10c ./board/pin_mux.o
                0x00013310                BOARD_InitLEDs
 .text.BOARD_InitXCVR
                0x0001341c       0x8c ./board/pin_mux.o
                0x0001341c                BOARD_InitXCVR
 .text.BOARD_InitUART
                0x000134a8       0x68 ./board/pin_mux.o
                0x000134a8                BOARD_InitUART
 .text.exit     0x00013510       0x28 c:/freescale/kds_v3/toolchain/bin/../lib/gcc/arm-none-eabi/4.8.4/../../../../arm-none-eabi/lib/armv7e-m/softfp\libg_s.a(lib_a-exit.o)
                0x00013510                exit
 .text.__libc_init_array
                0x00013538       0x4c c:/freescale/kds_v3/toolchain/bin/../lib/gcc/arm-none-eabi/4.8.4/../../../../arm-none-eabi/lib/armv7e-m/softfp\libg_s.a(lib_a-init.o)
                0x00013538                __libc_init_array
 .text.memcpy   0x00013584       0x12 c:/freescale/kds_v3/toolchain/bin/../lib/gcc/arm-none-eabi/4.8.4/../../../../arm-none-eabi/lib/armv7e-m/softfp\libg_s.a(lib_a-memcpy-stub.o)
                0x00013584                memcpy
 .text.memset   0x00013596       0x10 c:/freescale/kds_v3/toolchain/bin/../lib/gcc/arm-none-eabi/4.8.4/../../../../arm-none-eabi/lib/armv7e-m/softfp\libg_s.a(lib_a-memset.o)
                0x00013596                memset
 .text.strlen   0x000135a6       0x10 c:/freescale/kds_v3/toolchain/bin/../lib/gcc/arm-none-eabi/4.8.4/../../../../arm-none-eabi/lib/armv7e-m/softfp\libg_s.a(lib_a-strlen.o)
                0x000135a6                strlen
 *fill*         0x000135b6        0x2 
 .text._exit    0x000135b8        0x4 c:/freescale/kds_v3/toolchain/bin/../lib/gcc/arm-none-eabi/4.8.4/../../../../arm-none-eabi/lib/armv7e-m/softfp\libnosys.a(_exit.o)
                0x000135b8                _exit
 *(.rodata)
 .rodata        0x000135bc      0xa20 ./source/connectivity_test.o
 .rodata        0x00013fdc     0x10e4 ./source/connectivity_test_menus.o
 .rodata        0x000150c0       0x58 ./source/connectivity_test_platform.o
 .rodata        0x00015118        0x8 ./freertos/tasks.o
 .rodata        0x00015120       0x10 ./freertos/timers.o
 .rodata        0x00015130        0xc ./framework/TimersManager/Source/TimersManager.o
 .rodata        0x0001513c       0x14 ./framework/SerialManager/Source/SerialManager.o
 .rodata        0x00015150       0x10 ./framework/OSAbstraction/Interface/fsl_os_abstraction_free_rtos.o
 .rodata        0x00015160       0x44 ./framework/GPIO/Source/GPIO_Adapter.o
 .rodata        0x000151a4       0x70 ./drivers/fsl_clock.o
 .rodata        0x00015214       0x40 ./drivers/fsl_common.o
 .rodata        0x00015254       0xc8 ./drivers/fsl_dspi.o
 .rodata        0x0001531c       0xd8 ./drivers/fsl_ftm.o
 .rodata        0x000153f4       0x70 ./drivers/fsl_gpio.o
 .rodata        0x00015464      0x154 ./drivers/fsl_uart.o
 .rodata        0x000155b8       0x44 ./board/pin_mux.o
 *(.rodata*)
 .rodata.cu8Logo
                0x000155fc       0x3c ./source/connectivity_test_menus.o
                0x000155fc                cu8Logo
 .rodata.cu8MainMenu
                0x00015638       0x64 ./source/connectivity_test_menus.o
                0x00015638                cu8MainMenu
 .rodata.cu8ShortCutsBar
                0x0001569c       0x18 ./source/connectivity_test_menus.o
                0x0001569c                cu8ShortCutsBar
 .rodata.cu8ContinuousTestMenu
                0x000156b4       0x38 ./source/connectivity_test_menus.o
                0x000156b4                cu8ContinuousTestMenu
 .rodata.cu8PerTxTestMenu
                0x000156ec       0x30 ./source/connectivity_test_menus.o
                0x000156ec                cu8PerTxTestMenu
 .rodata.cu8PerRxTestMenu
                0x0001571c       0x1c ./source/connectivity_test_menus.o
                0x0001571c                cu8PerRxTestMenu
 .rodata.cu8RangeTxTestMenu
                0x00015738       0x1c ./source/connectivity_test_menus.o
                0x00015738                cu8RangeTxTestMenu
 .rodata.cu8RangeRxTestMenu
                0x00015754       0x1c ./source/connectivity_test_menus.o
                0x00015754                cu8RangeRxTestMenu
 .rodata.cu8RadioRegistersEditMenu
                0x00015770       0x2c ./source/connectivity_test_menus.o
                0x00015770                cu8RadioRegistersEditMenu
 .rodata.cu8RadioCSTCSelectMenu
                0x0001579c       0x20 ./source/connectivity_test_menus.o
                0x0001579c                cu8RadioCSTCSelectMenu
 .rodata.cu8CsTcTestMenu
                0x000157bc       0x30 ./source/connectivity_test_menus.o
                0x000157bc                cu8CsTcTestMenu
 .rodata.cu8TxModTestTags
                0x000157ec        0xc ./source/connectivity_test_menus.o
                0x000157ec                cu8TxModTestTags
 .rodata.cu8ContinuousTestTags
                0x000157f8       0x10 ./source/connectivity_test_menus.o
                0x000157f8                cu8ContinuousTestTags
 .rodata.registerIntervals
                0x00015808       0x44 ./source/connectivity_test_platform.o
                0x00015808                registerIntervals
 .rodata.asp_pll_frac
                0x0001584c       0x20 ./ieee_802.15.4/phy/source/ASP.o
 .rodata.mAsp_Prbs9Packet
                0x0001586c       0x44 ./ieee_802.15.4/phy/source/ASP.o
 .rodata.overwrites_direct
                0x000158b0        0x4 ./ieee_802.15.4/phy/source/PhyPacketProcessor.o
                0x000158b0                overwrites_direct
 .rodata.overwrites_indirect
                0x000158b4       0x34 ./ieee_802.15.4/phy/source/PhyPacketProcessor.o
                0x000158b4                overwrites_indirect
 .rodata.pll_int
                0x000158e8       0x10 ./ieee_802.15.4/phy/source/PhyPlmeData.o
 .rodata.pll_frac
                0x000158f8       0x20 ./ieee_802.15.4/phy/source/PhyPlmeData.o
 .rodata.gPhyPoolId
                0x00015918        0x1 ./ieee_802.15.4/phy/source/PhyStateMachine.o
                0x00015918                gPhyPoolId
 *fill*         0x00015919        0x3 
 .rodata.mFtmConfig
                0x0001591c       0x18 ./framework/TimersManager/Source/TMR_Adapter.o
 .rodata.mSpiBase
                0x00015934        0xc ./framework/SerialManager/Source/SPI_Adapter/SPI_Adapter.o
                0x00015934                mSpiBase
 .rodata.gUseRtos_c
                0x00015940        0x1 ./framework/OSAbstraction/Interface/fsl_os_abstraction_free_rtos.o
                0x00015940                gUseRtos_c
 *fill*         0x00015941        0x3 
 .rodata.osEventInfo